
Allocating common symbols
Common symbol       size              file

stack               0x1000            entry.o

Memory Configuration

Name             Origin             Length             Attributes
*default*        0x0000000000000000 0xffffffffffffffff

Linker script and memory map

                0x0000000080100000                . = 0x80100000

.text           0x0000000080100000     0x7426 load address 0x0000000000100000
 *(.text .stub .text.* .gnu.linkonce.t.*)
 .text          0x0000000080100000       0x34 entry.o
                0x0000000080100000                multiboot_header
                0x000000008010000c                entry
                0x000000010010000c                _start
 *fill*         0x0000000080100034        0xc 
 .text          0x0000000080100040      0x23e bio.o
                0x0000000080100040                binit
                0x00000000801000d0                bread
                0x00000000801001b0                bwrite
                0x00000000801001f0                brelse
 *fill*         0x000000008010027e        0x2 
 .text          0x0000000080100280      0x823 console.o
                0x0000000080100280                consoleread
                0x0000000080100380                panic
                0x0000000080100590                consolewrite
                0x00000000801006a0                cprintf
                0x0000000080100880                consoleintr
                0x0000000080100a60                consoleinit
 *fill*         0x0000000080100aa3        0xd 
 .text          0x0000000080100ab0      0x369 exec.o
                0x0000000080100ab0                exec
 *fill*         0x0000000080100e19        0x7 
 .text          0x0000000080100e20      0x3ab file.o
                0x0000000080100e20                fileinit
                0x0000000080100e40                filealloc
                0x0000000080100eb0                filedup
                0x0000000080100f00                fileclose
                0x0000000080100fe0                filestat
                0x0000000080101030                fileread
                0x00000000801010c0                filewrite
 *fill*         0x00000000801011cb        0x5 
 .text          0x00000000801011d0      0xf14 fs.o
                0x0000000080101530                readsb
                0x0000000080101570                iinit
                0x0000000080101620                ialloc
                0x00000000801016e0                iupdate
                0x0000000080101760                idup
                0x0000000080101790                ilock
                0x0000000080101870                iunlock
                0x00000000801018c0                iput
                0x0000000080101a20                iunlockput
                0x0000000080101a70                stati
                0x0000000080101aa0                readi
                0x0000000080101ba0                writei
                0x0000000080101cd0                namecmp
                0x0000000080101cf0                dirlookup
                0x0000000080101ff0                dirlink
                0x00000000801020b0                namei
                0x00000000801020d0                nameiparent
 *fill*         0x00000000801020e4        0xc 
 .text          0x00000000801020f0      0x2ee ide.o
                0x00000000801021d0                ideinit
                0x0000000080102250                ideintr
                0x00000000801022f0                iderw
 *fill*         0x00000000801023de        0x2 
 .text          0x00000000801023e0       0xe3 ioapic.o
                0x00000000801023e0                ioapicinit
                0x0000000080102490                ioapicenable
 *fill*         0x00000000801024c3        0xd 
 .text          0x00000000801024d0      0x22e kalloc.o
                0x00000000801024d0                kfree
                0x0000000080102570                freerange
                0x00000000801025c0                kinit2
                0x0000000080102620                kinit1
                0x0000000080102690                kalloc
 *fill*         0x00000000801026fe        0x2 
 .text          0x0000000080102700       0xf5 kbd.o
                0x0000000080102700                kbdgetc
                0x00000000801027e0                kbdintr
 *fill*         0x00000000801027f5        0xb 
 .text          0x0000000080102800      0x3ca lapic.o
                0x0000000080102800                lapicinit
                0x0000000080102900                lapicid
                0x0000000080102920                lapiceoi
                0x0000000080102940                microdelay
                0x0000000080102950                lapicstartap
                0x00000000801029e0                cmostime
 *fill*         0x0000000080102bca        0x6 
 .text          0x0000000080102bd0      0x438 log.o
                0x0000000080102cd0                initlog
                0x0000000080102d70                begin_op
                0x0000000080102de0                end_op
                0x0000000080102f50                log_write
 *fill*         0x0000000080103008        0x8 
 .text          0x0000000080103010       0x5a main.o
 *fill*         0x000000008010306a        0x6 
 .text.startup  0x0000000080103070      0x12c main.o
                0x0000000080103070                main
 *fill*         0x000000008010319c        0x4 
 .text          0x00000000801031a0      0x272 mp.o
                0x0000000080103220                mpinit
 *fill*         0x0000000080103412        0xe 
 .text          0x0000000080103420       0x12 picirq.o
                0x0000000080103420                picinit
 *fill*         0x0000000080103432        0xe 
 .text          0x0000000080103440      0x37b pipe.o
                0x0000000080103440                pipealloc
                0x0000000080103540                pipeclose
                0x00000000801035e0                pipewrite
                0x00000000801036e0                piperead
 *fill*         0x00000000801037bb        0x5 
 .text          0x00000000801037c0      0xbc6 proc.o
                0x0000000080103890                forkret
                0x00000000801038e0                pinit
                0x0000000080103900                mycpu
                0x0000000080103960                cpuid
                0x0000000080103980                myproc
                0x00000000801039b0                userinit
                0x0000000080103ab0                growproc
                0x0000000080103b30                fork
                0x0000000080103c60                scheduler
                0x0000000080103d00                sched
                0x0000000080103dc0                exit
                0x0000000080103ef0                wait
                0x0000000080104020                yield
                0x0000000080104070                sleep
                0x0000000080104130                wakeup
                0x0000000080104190                kill
                0x0000000080104210                procdump
                0x00000000801042d0                cps
 *fill*         0x0000000080104386        0xa 
 .text          0x0000000080104390      0x12d sleeplock.o
                0x0000000080104390                initsleeplock
                0x00000000801043d0                acquiresleep
                0x0000000080104430                releasesleep
                0x0000000080104470                holdingsleep
 *fill*         0x00000000801044bd        0x3 
 .text          0x00000000801044c0      0x28a spinlock.o
                0x00000000801044c0                initlock
                0x00000000801044e0                getcallerpcs
                0x0000000080104540                pushcli
                0x0000000080104590                popcli
                0x00000000801045f0                holding
                0x0000000080104630                release
                0x0000000080104690                acquire
 *fill*         0x000000008010474a        0x6 
 .text          0x0000000080104750      0x21b string.o
                0x0000000080104750                memset
                0x00000000801047a0                memcmp
                0x00000000801047f0                memmove
                0x0000000080104850                memcpy
                0x0000000080104860                strncmp
                0x00000000801048b0                strncpy
                0x0000000080104910                safestrcpy
                0x0000000080104950                strlen
 .text          0x000000008010496b       0x15 swtch.o
                0x000000008010496b                swtch
 .text          0x0000000080104980      0x244 syscall.o
                0x0000000080104980                fetchint
                0x00000000801049c0                fetchstr
                0x0000000080104a20                argint
                0x0000000080104a70                argptr
                0x0000000080104ad0                argstr
                0x0000000080104b60                syscall
 *fill*         0x0000000080104bc4        0xc 
 .text          0x0000000080104bd0      0xbb9 sysfile.o
                0x0000000080104d70                sys_dup
                0x0000000080104df0                sys_read
                0x0000000080104e70                sys_write
                0x0000000080104ef0                sys_close
                0x0000000080104f50                sys_fstat
                0x0000000080104fc0                sys_link
                0x0000000080105110                sys_unlink
                0x00000000801052f0                sys_open
                0x0000000080105430                sys_mkdir
                0x0000000080105490                sys_mknod
                0x0000000080105520                sys_chdir
                0x00000000801055d0                sys_exec
                0x00000000801056c0                sys_pipe
 *fill*         0x0000000080105789        0x7 
 .text          0x0000000080105790      0x1b5 sysproc.o
                0x0000000080105790                sys_fork
                0x00000000801057a0                sys_exit
                0x00000000801057b0                sys_wait
                0x00000000801057c0                sys_kill
                0x0000000080105800                sys_getpid
                0x0000000080105810                sys_sbrk
                0x0000000080105860                sys_sleep
                0x0000000080105910                sys_uptime
                0x0000000080105940                sys_cps
 .text          0x0000000080105945       0x23 trapasm.o
                0x0000000080105945                alltraps
                0x000000008010595d                trapret
 *fill*         0x0000000080105968        0x8 
 .text          0x0000000080105970      0x33a trap.o
                0x0000000080105970                tvinit
                0x00000000801059f0                idtinit
                0x0000000080105a20                trap
 *fill*         0x0000000080105caa        0x6 
 .text          0x0000000080105cb0      0x1a5 uart.o
                0x0000000080105ce0                uartinit
                0x0000000080105de0                uartputc
                0x0000000080105e40                uartintr
 .text          0x0000000080105e55      0xa72 vectors.o
                0x0000000080105e55                vector0
                0x0000000080105e5e                vector1
                0x0000000080105e67                vector2
                0x0000000080105e70                vector3
                0x0000000080105e79                vector4
                0x0000000080105e82                vector5
                0x0000000080105e8b                vector6
                0x0000000080105e94                vector7
                0x0000000080105e9d                vector8
                0x0000000080105ea4                vector9
                0x0000000080105ead                vector10
                0x0000000080105eb4                vector11
                0x0000000080105ebb                vector12
                0x0000000080105ec2                vector13
                0x0000000080105ec9                vector14
                0x0000000080105ed0                vector15
                0x0000000080105ed9                vector16
                0x0000000080105ee2                vector17
                0x0000000080105ee9                vector18
                0x0000000080105ef2                vector19
                0x0000000080105efb                vector20
                0x0000000080105f04                vector21
                0x0000000080105f0d                vector22
                0x0000000080105f16                vector23
                0x0000000080105f1f                vector24
                0x0000000080105f28                vector25
                0x0000000080105f31                vector26
                0x0000000080105f3a                vector27
                0x0000000080105f43                vector28
                0x0000000080105f4c                vector29
                0x0000000080105f55                vector30
                0x0000000080105f5e                vector31
                0x0000000080105f67                vector32
                0x0000000080105f70                vector33
                0x0000000080105f79                vector34
                0x0000000080105f82                vector35
                0x0000000080105f8b                vector36
                0x0000000080105f94                vector37
                0x0000000080105f9d                vector38
                0x0000000080105fa6                vector39
                0x0000000080105faf                vector40
                0x0000000080105fb8                vector41
                0x0000000080105fc1                vector42
                0x0000000080105fca                vector43
                0x0000000080105fd3                vector44
                0x0000000080105fdc                vector45
                0x0000000080105fe5                vector46
                0x0000000080105fee                vector47
                0x0000000080105ff7                vector48
                0x0000000080106000                vector49
                0x0000000080106009                vector50
                0x0000000080106012                vector51
                0x000000008010601b                vector52
                0x0000000080106024                vector53
                0x000000008010602d                vector54
                0x0000000080106036                vector55
                0x000000008010603f                vector56
                0x0000000080106048                vector57
                0x0000000080106051                vector58
                0x000000008010605a                vector59
                0x0000000080106063                vector60
                0x000000008010606c                vector61
                0x0000000080106075                vector62
                0x000000008010607e                vector63
                0x0000000080106087                vector64
                0x0000000080106090                vector65
                0x0000000080106099                vector66
                0x00000000801060a2                vector67
                0x00000000801060ab                vector68
                0x00000000801060b4                vector69
                0x00000000801060bd                vector70
                0x00000000801060c6                vector71
                0x00000000801060cf                vector72
                0x00000000801060d8                vector73
                0x00000000801060e1                vector74
                0x00000000801060ea                vector75
                0x00000000801060f3                vector76
                0x00000000801060fc                vector77
                0x0000000080106105                vector78
                0x000000008010610e                vector79
                0x0000000080106117                vector80
                0x0000000080106120                vector81
                0x0000000080106129                vector82
                0x0000000080106132                vector83
                0x000000008010613b                vector84
                0x0000000080106144                vector85
                0x000000008010614d                vector86
                0x0000000080106156                vector87
                0x000000008010615f                vector88
                0x0000000080106168                vector89
                0x0000000080106171                vector90
                0x000000008010617a                vector91
                0x0000000080106183                vector92
                0x000000008010618c                vector93
                0x0000000080106195                vector94
                0x000000008010619e                vector95
                0x00000000801061a7                vector96
                0x00000000801061b0                vector97
                0x00000000801061b9                vector98
                0x00000000801061c2                vector99
                0x00000000801061cb                vector100
                0x00000000801061d4                vector101
                0x00000000801061dd                vector102
                0x00000000801061e6                vector103
                0x00000000801061ef                vector104
                0x00000000801061f8                vector105
                0x0000000080106201                vector106
                0x000000008010620a                vector107
                0x0000000080106213                vector108
                0x000000008010621c                vector109
                0x0000000080106225                vector110
                0x000000008010622e                vector111
                0x0000000080106237                vector112
                0x0000000080106240                vector113
                0x0000000080106249                vector114
                0x0000000080106252                vector115
                0x000000008010625b                vector116
                0x0000000080106264                vector117
                0x000000008010626d                vector118
                0x0000000080106276                vector119
                0x000000008010627f                vector120
                0x0000000080106288                vector121
                0x0000000080106291                vector122
                0x000000008010629a                vector123
                0x00000000801062a3                vector124
                0x00000000801062ac                vector125
                0x00000000801062b5                vector126
                0x00000000801062be                vector127
                0x00000000801062c7                vector128
                0x00000000801062d3                vector129
                0x00000000801062df                vector130
                0x00000000801062eb                vector131
                0x00000000801062f7                vector132
                0x0000000080106303                vector133
                0x000000008010630f                vector134
                0x000000008010631b                vector135
                0x0000000080106327                vector136
                0x0000000080106333                vector137
                0x000000008010633f                vector138
                0x000000008010634b                vector139
                0x0000000080106357                vector140
                0x0000000080106363                vector141
                0x000000008010636f                vector142
                0x000000008010637b                vector143
                0x0000000080106387                vector144
                0x0000000080106393                vector145
                0x000000008010639f                vector146
                0x00000000801063ab                vector147
                0x00000000801063b7                vector148
                0x00000000801063c3                vector149
                0x00000000801063cf                vector150
                0x00000000801063db                vector151
                0x00000000801063e7                vector152
                0x00000000801063f3                vector153
                0x00000000801063ff                vector154
                0x000000008010640b                vector155
                0x0000000080106417                vector156
                0x0000000080106423                vector157
                0x000000008010642f                vector158
                0x000000008010643b                vector159
                0x0000000080106447                vector160
                0x0000000080106453                vector161
                0x000000008010645f                vector162
                0x000000008010646b                vector163
                0x0000000080106477                vector164
                0x0000000080106483                vector165
                0x000000008010648f                vector166
                0x000000008010649b                vector167
                0x00000000801064a7                vector168
                0x00000000801064b3                vector169
                0x00000000801064bf                vector170
                0x00000000801064cb                vector171
                0x00000000801064d7                vector172
                0x00000000801064e3                vector173
                0x00000000801064ef                vector174
                0x00000000801064fb                vector175
                0x0000000080106507                vector176
                0x0000000080106513                vector177
                0x000000008010651f                vector178
                0x000000008010652b                vector179
                0x0000000080106537                vector180
                0x0000000080106543                vector181
                0x000000008010654f                vector182
                0x000000008010655b                vector183
                0x0000000080106567                vector184
                0x0000000080106573                vector185
                0x000000008010657f                vector186
                0x000000008010658b                vector187
                0x0000000080106597                vector188
                0x00000000801065a3                vector189
                0x00000000801065af                vector190
                0x00000000801065bb                vector191
                0x00000000801065c7                vector192
                0x00000000801065d3                vector193
                0x00000000801065df                vector194
                0x00000000801065eb                vector195
                0x00000000801065f7                vector196
                0x0000000080106603                vector197
                0x000000008010660f                vector198
                0x000000008010661b                vector199
                0x0000000080106627                vector200
                0x0000000080106633                vector201
                0x000000008010663f                vector202
                0x000000008010664b                vector203
                0x0000000080106657                vector204
                0x0000000080106663                vector205
                0x000000008010666f                vector206
                0x000000008010667b                vector207
                0x0000000080106687                vector208
                0x0000000080106693                vector209
                0x000000008010669f                vector210
                0x00000000801066ab                vector211
                0x00000000801066b7                vector212
                0x00000000801066c3                vector213
                0x00000000801066cf                vector214
                0x00000000801066db                vector215
                0x00000000801066e7                vector216
                0x00000000801066f3                vector217
                0x00000000801066ff                vector218
                0x000000008010670b                vector219
                0x0000000080106717                vector220
                0x0000000080106723                vector221
                0x000000008010672f                vector222
                0x000000008010673b                vector223
                0x0000000080106747                vector224
                0x0000000080106753                vector225
                0x000000008010675f                vector226
                0x000000008010676b                vector227
                0x0000000080106777                vector228
                0x0000000080106783                vector229
                0x000000008010678f                vector230
                0x000000008010679b                vector231
                0x00000000801067a7                vector232
                0x00000000801067b3                vector233
                0x00000000801067bf                vector234
                0x00000000801067cb                vector235
                0x00000000801067d7                vector236
                0x00000000801067e3                vector237
                0x00000000801067ef                vector238
                0x00000000801067fb                vector239
                0x0000000080106807                vector240
                0x0000000080106813                vector241
                0x000000008010681f                vector242
                0x000000008010682b                vector243
                0x0000000080106837                vector244
                0x0000000080106843                vector245
                0x000000008010684f                vector246
                0x000000008010685b                vector247
                0x0000000080106867                vector248
                0x0000000080106873                vector249
                0x000000008010687f                vector250
                0x000000008010688b                vector251
                0x0000000080106897                vector252
                0x00000000801068a3                vector253
                0x00000000801068af                vector254
                0x00000000801068bb                vector255
 *fill*         0x00000000801068c7        0x9 
 .text          0x00000000801068d0      0xb3a vm.o
                0x0000000080106a70                seginit
                0x0000000080106b00                switchkvm
                0x0000000080106b10                switchuvm
                0x0000000080106c20                inituvm
                0x0000000080106ca0                loaduvm
                0x0000000080106d90                allocuvm
                0x0000000080106ec0                deallocuvm
                0x0000000080106ef0                freevm
                0x0000000080106f70                setupkvm
                0x0000000080106ff0                kvmalloc
                0x0000000080107010                clearpteu
                0x0000000080107060                copyuvm
                0x0000000080107190                uva2ka
                0x00000000801071e0                copyout
                0x00000000801072b0                mprotect
                0x0000000080107360                munprotect
 .text.unlikely
                0x000000008010740a       0x1c vm.o
                [!provide]                        PROVIDE (etext = .)

.iplt           0x0000000080107426        0x0 load address 0x0000000000107426
 .iplt          0x0000000080107426        0x0 entry.o

.rodata         0x0000000080107440      0xa5b load address 0x0000000000107440
 *(.rodata .rodata.* .gnu.linkonce.r.*)
 .rodata.str1.1
                0x0000000080107440       0x2d bio.o
 .rodata.str1.1
                0x000000008010746d       0x43 console.o
                                         0x45 (size before relaxing)
 .rodata        0x00000000801074b0       0x11 console.o
 .rodata.str1.1
                0x00000000801074c1        0xc exec.o
 .rodata.str1.1
                0x00000000801074cd       0x32 file.o
                                         0x3c (size before relaxing)
 .rodata.str1.1
                0x00000000801074ff       0xb6 fs.o
                                         0xbe (size before relaxing)
 *fill*         0x00000000801075b5        0x3 
 .rodata.str1.4
                0x00000000801075b8       0x53 fs.o
 .rodata.str1.1
                0x000000008010760b       0x68 ide.o
 *fill*         0x0000000080107673        0x1 
 .rodata.str1.4
                0x0000000080107674       0x32 ioapic.o
 .rodata.str1.1
                0x00000000801076a6        0xb kalloc.o
 *fill*         0x00000000801076b1        0xf 
 .rodata        0x00000000801076c0      0x220 kbd.o
 .rodata.str1.1
                0x00000000801078e0       0x44 log.o
 .rodata.str1.1
                0x0000000080107924       0x14 main.o
 .rodata.str1.1
                0x0000000080107938       0x22 mp.o
 *fill*         0x000000008010795a        0x2 
 .rodata.str1.4
                0x000000008010795c       0x1f mp.o
 .rodata.str1.1
                0x000000008010797b        0x5 pipe.o
 .rodata.str1.1
                0x0000000080107980      0x140 proc.o
                                        0x146 (size before relaxing)
 .rodata.str1.4
                0x0000000080107ac0       0x26 proc.o
 *fill*         0x0000000080107ae6        0x2 
 .rodata        0x0000000080107ae8       0x18 proc.o
 .rodata.str1.1
                0x0000000080107b00        0xb sleeplock.o
 .rodata.str1.1
                0x0000000080107b0b       0x2e spinlock.o
 .rodata.str1.1
                0x0000000080107b39       0x1c syscall.o
 *fill*         0x0000000080107b55        0xb 
 .rodata        0x0000000080107b60       0x5c syscall.o
 .rodata.str1.1
                0x0000000080107bbc       0x61 sysfile.o
                                         0x63 (size before relaxing)
 .rodata.str1.1
                0x0000000080107c1d        0xa trap.o
 *fill*         0x0000000080107c27        0x1 
 .rodata.str1.4
                0x0000000080107c28       0x9b trap.o
 *fill*         0x0000000080107cc3        0x1 
 .rodata        0x0000000080107cc4       0x80 trap.o
 .rodata.str1.1
                0x0000000080107d44        0x8 uart.o
 .rodata.str1.1
                0x0000000080107d4c      0x129 vm.o
                                        0x12f (size before relaxing)
 *fill*         0x0000000080107e75        0x3 
 .rodata.str1.4
                0x0000000080107e78       0x23 vm.o

.rel.dyn        0x0000000080107e9c        0x0 load address 0x0000000000107e9c
 .rel.got       0x0000000080107e9c        0x0 entry.o
 .rel.iplt      0x0000000080107e9c        0x0 entry.o
 .rel.text      0x0000000080107e9c        0x0 entry.o
 .rel.text.startup
                0x0000000080107e9c        0x0 entry.o
 .rel.data      0x0000000080107e9c        0x0 entry.o

.stab           0x0000000080107e9b        0x0
                [!provide]                        PROVIDE (__STAB_BEGIN__ = .)
 *(.stab)
                [!provide]                        PROVIDE (__STAB_END__ = .)

.stabstr        0x0000000080107e9b        0x0
                [!provide]                        PROVIDE (__STABSTR_BEGIN__ = .)
 *(.stabstr)
                [!provide]                        PROVIDE (__STABSTR_END__ = .)
                0x0000000080108000                . = ALIGN (0x1000)
                0x0000000080108000                PROVIDE (data = .)

.data           0x0000000080108000     0x251a load address 0x0000000000108000
 *(.data)
 .data          0x0000000080108000        0x0 entry.o
 .data          0x0000000080108000        0x0 bio.o
 .data          0x0000000080108000        0x0 console.o
 .data          0x0000000080108000        0x0 exec.o
 .data          0x0000000080108000        0x0 file.o
 .data          0x0000000080108000        0x0 fs.o
 .data          0x0000000080108000        0x0 ide.o
 .data          0x0000000080108000        0x0 ioapic.o
 .data          0x0000000080108000        0x0 kalloc.o
 .data          0x0000000080108000      0x300 kbd.o
 .data          0x0000000080108300        0x0 lapic.o
 .data          0x0000000080108300        0x0 log.o
 *fill*         0x0000000080108300      0xd00 
 .data          0x0000000080109000     0x1000 main.o
                0x0000000080109000                entrypgdir
 .data          0x000000008010a000        0x0 mp.o
 .data          0x000000008010a000        0x0 picirq.o
 .data          0x000000008010a000        0x0 pipe.o
 .data          0x000000008010a000        0x8 proc.o
                0x000000008010a004                nextpid
 .data          0x000000008010a008        0x0 sleeplock.o
 .data          0x000000008010a008        0x0 spinlock.o
 .data          0x000000008010a008        0x0 string.o
 .data          0x000000008010a008        0x0 swtch.o
 .data          0x000000008010a008        0x0 syscall.o
 .data          0x000000008010a008        0x0 sysfile.o
 .data          0x000000008010a008        0x0 sysproc.o
 .data          0x000000008010a008        0x0 trapasm.o
 .data          0x000000008010a008        0x0 trap.o
 .data          0x000000008010a008        0x0 uart.o
 .data          0x000000008010a008      0x400 vectors.o
                0x000000008010a008                vectors
 *fill*         0x000000008010a408       0x18 
 .data          0x000000008010a420       0x40 vm.o
 .data          0x000000008010a460       0x30 initcode
                0x000000008010a460                _binary_initcode_start
                0x000000008010a490                _binary_initcode_end
 .data          0x000000008010a490       0x8a entryother
                0x000000008010a490                _binary_entryother_start
                0x000000008010a51a                _binary_entryother_end
                [!provide]                        PROVIDE (edata = .)

.got            0x000000008010a51c        0x0 load address 0x000000000010a51c
 .got           0x000000008010a51c        0x0 entry.o

.got.plt        0x000000008010a51c        0x0 load address 0x000000000010a51c
 .got.plt       0x000000008010a51c        0x0 entry.o

.igot.plt       0x000000008010a51c        0x0 load address 0x000000000010a51c
 .igot.plt      0x000000008010a51c        0x0 entry.o

.bss            0x000000008010a520     0xb0b0 load address 0x000000000010a520
 *(.bss)
 .bss           0x000000008010a520        0x0 entry.o
 .bss           0x000000008010a520     0x4958 bio.o
                0x000000008010a520                bcache
 *fill*         0x000000008010ee78        0x8 
 .bss           0x000000008010ee80       0xdc console.o
                0x000000008010ee80                input
 .bss           0x000000008010ef5c        0x0 exec.o
 *fill*         0x000000008010ef5c        0x4 
 .bss           0x000000008010ef60      0x9f0 file.o
                0x000000008010ef60                ftable
                0x000000008010f900                devsw
 *fill*         0x000000008010f950       0x10 
 .bss           0x000000008010f960     0x1c70 fs.o
                0x000000008010f960                icache
                0x00000000801115b4                sb
 *fill*         0x00000000801115d0       0x10 
 .bss           0x00000000801115e0       0x54 ide.o
 .bss           0x0000000080111634        0x4 ioapic.o
                0x0000000080111634                ioapic
 *fill*         0x0000000080111638        0x8 
 .bss           0x0000000080111640       0x3c kalloc.o
                0x0000000080111640                kmem
 .bss           0x000000008011167c        0x4 kbd.o
 .bss           0x0000000080111680        0x4 lapic.o
                0x0000000080111680                lapic
 *fill*         0x0000000080111684       0x1c 
 .bss           0x00000000801116a0       0xc4 log.o
                0x00000000801116a0                log
 .bss           0x0000000080111764        0x0 main.o
 *fill*         0x0000000080111764       0x1c 
 .bss           0x0000000080111780      0x5a0 mp.o
                0x0000000080111780                ioapicid
                0x0000000080111784                ncpu
                0x00000000801117a0                cpus
 .bss           0x0000000080111d20        0x0 picirq.o
 .bss           0x0000000080111d20        0x0 pipe.o
 .bss           0x0000000080111d20     0x2038 proc.o
                0x0000000080111d20                ptable
 .bss           0x0000000080113d58        0x0 sleeplock.o
 .bss           0x0000000080113d58        0x0 spinlock.o
 .bss           0x0000000080113d58        0x0 string.o
 .bss           0x0000000080113d58        0x0 swtch.o
 .bss           0x0000000080113d58        0x0 syscall.o
 .bss           0x0000000080113d58        0x0 sysfile.o
 .bss           0x0000000080113d58        0x0 sysproc.o
 .bss           0x0000000080113d58        0x0 trapasm.o
 *fill*         0x0000000080113d58        0x8 
 .bss           0x0000000080113d60      0x860 trap.o
                0x0000000080113d60                ticks
                0x0000000080113d80                tickslock
                0x0000000080113dc0                idt
 .bss           0x00000000801145c0        0x4 uart.o
 .bss           0x00000000801145c4        0x0 vectors.o
 .bss           0x00000000801145c4        0x4 vm.o
                0x00000000801145c4                kpgdir
 *fill*         0x00000000801145c8        0x8 
 COMMON         0x00000000801145d0     0x1000 entry.o
                0x00000000801145d0                stack
                0x00000000801155d0                PROVIDE (end = .)

/DISCARD/
 *(.eh_frame .note.GNU-stack)
LOAD entry.o
LOAD bio.o
LOAD console.o
LOAD exec.o
LOAD file.o
LOAD fs.o
LOAD ide.o
LOAD ioapic.o
LOAD kalloc.o
LOAD kbd.o
LOAD lapic.o
LOAD log.o
LOAD main.o
LOAD mp.o
LOAD picirq.o
LOAD pipe.o
LOAD proc.o
LOAD sleeplock.o
LOAD spinlock.o
LOAD string.o
LOAD swtch.o
LOAD syscall.o
LOAD sysfile.o
LOAD sysproc.o
LOAD trapasm.o
LOAD trap.o
LOAD uart.o
LOAD vectors.o
LOAD vm.o
TARGET(binary)
LOAD initcode
LOAD entryother
OUTPUT(kernel elf32-i386)

.debug_line     0x0000000000000000     0x6d45
 .debug_line    0x0000000000000000       0x41 entry.o
 .debug_line    0x0000000000000041      0x24a bio.o
 .debug_line    0x000000000000028b      0x879 console.o
 .debug_line    0x0000000000000b04      0x2c9 exec.o
 .debug_line    0x0000000000000dcd      0x2bb file.o
 .debug_line    0x0000000000001088      0xc7b fs.o
 .debug_line    0x0000000000001d03      0x3ed ide.o
 .debug_line    0x00000000000020f0      0x1de ioapic.o
 .debug_line    0x00000000000022ce      0x21c kalloc.o
 .debug_line    0x00000000000024ea      0x18f kbd.o
 .debug_line    0x0000000000002679      0x7cb lapic.o
 .debug_line    0x0000000000002e44      0x3bf log.o
 .debug_line    0x0000000000003203      0x143 main.o
 .debug_line    0x0000000000003346      0x2fc mp.o
 .debug_line    0x0000000000003642       0x75 picirq.o
 .debug_line    0x00000000000036b7      0x336 pipe.o
 .debug_line    0x00000000000039ed      0xadc proc.o
 .debug_line    0x00000000000044c9      0x139 sleeplock.o
 .debug_line    0x0000000000004602      0x39c spinlock.o
 .debug_line    0x000000000000499e      0x297 string.o
 .debug_line    0x0000000000004c35       0x43 swtch.o
 .debug_line    0x0000000000004c78      0x2e5 syscall.o
 .debug_line    0x0000000000004f5d      0x8ed sysfile.o
 .debug_line    0x000000000000584a      0x184 sysproc.o
 .debug_line    0x00000000000059ce       0x48 trapasm.o
 .debug_line    0x0000000000005a16      0x2a0 trap.o
 .debug_line    0x0000000000005cb6      0x271 uart.o
 .debug_line    0x0000000000005f27      0x32f vectors.o
 .debug_line    0x0000000000006256      0xaef vm.o

.debug_info     0x0000000000000000    0x11197
 .debug_info    0x0000000000000000       0x26 entry.o
 .debug_info    0x0000000000000026      0x457 bio.o
 .debug_info    0x000000000000047d     0x137d console.o
 .debug_info    0x00000000000017fa      0x876 exec.o
 .debug_info    0x0000000000002070      0x751 file.o
 .debug_info    0x00000000000027c1     0x1cea fs.o
 .debug_info    0x00000000000044ab      0xe80 ide.o
 .debug_info    0x000000000000532b      0x298 ioapic.o
 .debug_info    0x00000000000055c3      0x3a1 kalloc.o
 .debug_info    0x0000000000005964      0x21c kbd.o
 .debug_info    0x0000000000005b80      0xe65 lapic.o
 .debug_info    0x00000000000069e5      0x762 log.o
 .debug_info    0x0000000000007147      0xa36 main.o
 .debug_info    0x0000000000007b7d      0xd9a mp.o
 .debug_info    0x0000000000008917       0xe9 picirq.o
 .debug_info    0x0000000000008a00      0xa31 pipe.o
 .debug_info    0x0000000000009431     0x15ca proc.o
 .debug_info    0x000000000000a9fb      0x898 sleeplock.o
 .debug_info    0x000000000000b293      0xb37 spinlock.o
 .debug_info    0x000000000000bdca      0x41f string.o
 .debug_info    0x000000000000c1e9       0x26 swtch.o
 .debug_info    0x000000000000c20f      0x80b syscall.o
 .debug_info    0x000000000000ca1a     0x17c6 sysfile.o
 .debug_info    0x000000000000e1e0      0x5fd sysproc.o
 .debug_info    0x000000000000e7dd       0x26 trapasm.o
 .debug_info    0x000000000000e803      0xb19 trap.o
 .debug_info    0x000000000000f31c      0x550 uart.o
 .debug_info    0x000000000000f86c       0x26 vectors.o
 .debug_info    0x000000000000f892     0x1905 vm.o

.debug_abbrev   0x0000000000000000     0x4531
 .debug_abbrev  0x0000000000000000       0x14 entry.o
 .debug_abbrev  0x0000000000000014      0x25f bio.o
 .debug_abbrev  0x0000000000000273      0x4de console.o
 .debug_abbrev  0x0000000000000751      0x1e6 exec.o
 .debug_abbrev  0x0000000000000937      0x250 file.o
 .debug_abbrev  0x0000000000000b87      0x5e9 fs.o
 .debug_abbrev  0x0000000000001170      0x310 ide.o
 .debug_abbrev  0x0000000000001480      0x1cf ioapic.o
 .debug_abbrev  0x000000000000164f      0x269 kalloc.o
 .debug_abbrev  0x00000000000018b8      0x174 kbd.o
 .debug_abbrev  0x0000000000001a2c      0x292 lapic.o
 .debug_abbrev  0x0000000000001cbe      0x294 log.o
 .debug_abbrev  0x0000000000001f52      0x2b3 main.o
 .debug_abbrev  0x0000000000002205      0x2c1 mp.o
 .debug_abbrev  0x00000000000024c6       0xa7 picirq.o
 .debug_abbrev  0x000000000000256d      0x237 pipe.o
 .debug_abbrev  0x00000000000027a4      0x500 proc.o
 .debug_abbrev  0x0000000000002ca4      0x1ea sleeplock.o
 .debug_abbrev  0x0000000000002e8e      0x2e4 spinlock.o
 .debug_abbrev  0x0000000000003172      0x145 string.o
 .debug_abbrev  0x00000000000032b7       0x14 swtch.o
 .debug_abbrev  0x00000000000032cb      0x2af syscall.o
 .debug_abbrev  0x000000000000357a      0x3a4 sysfile.o
 .debug_abbrev  0x000000000000391e      0x1d4 sysproc.o
 .debug_abbrev  0x0000000000003af2       0x14 trapasm.o
 .debug_abbrev  0x0000000000003b06      0x2b1 trap.o
 .debug_abbrev  0x0000000000003db7      0x1e9 uart.o
 .debug_abbrev  0x0000000000003fa0       0x14 vectors.o
 .debug_abbrev  0x0000000000003fb4      0x57d vm.o

.debug_aranges  0x0000000000000000      0x3b0
 .debug_aranges
                0x0000000000000000       0x20 entry.o
 .debug_aranges
                0x0000000000000020       0x20 bio.o
 .debug_aranges
                0x0000000000000040       0x20 console.o
 .debug_aranges
                0x0000000000000060       0x20 exec.o
 .debug_aranges
                0x0000000000000080       0x20 file.o
 .debug_aranges
                0x00000000000000a0       0x20 fs.o
 .debug_aranges
                0x00000000000000c0       0x20 ide.o
 .debug_aranges
                0x00000000000000e0       0x20 ioapic.o
 .debug_aranges
                0x0000000000000100       0x20 kalloc.o
 .debug_aranges
                0x0000000000000120       0x20 kbd.o
 .debug_aranges
                0x0000000000000140       0x20 lapic.o
 .debug_aranges
                0x0000000000000160       0x20 log.o
 .debug_aranges
                0x0000000000000180       0x28 main.o
 .debug_aranges
                0x00000000000001a8       0x20 mp.o
 .debug_aranges
                0x00000000000001c8       0x20 picirq.o
 .debug_aranges
                0x00000000000001e8       0x20 pipe.o
 .debug_aranges
                0x0000000000000208       0x20 proc.o
 .debug_aranges
                0x0000000000000228       0x20 sleeplock.o
 .debug_aranges
                0x0000000000000248       0x20 spinlock.o
 .debug_aranges
                0x0000000000000268       0x20 string.o
 .debug_aranges
                0x0000000000000288       0x20 swtch.o
 .debug_aranges
                0x00000000000002a8       0x20 syscall.o
 .debug_aranges
                0x00000000000002c8       0x20 sysfile.o
 .debug_aranges
                0x00000000000002e8       0x20 sysproc.o
 .debug_aranges
                0x0000000000000308       0x20 trapasm.o
 .debug_aranges
                0x0000000000000328       0x20 trap.o
 .debug_aranges
                0x0000000000000348       0x20 uart.o
 .debug_aranges
                0x0000000000000368       0x20 vectors.o
 .debug_aranges
                0x0000000000000388       0x28 vm.o

.debug_str      0x0000000000000000      0xdf4
 .debug_str     0x0000000000000000       0x40 entry.o
 .debug_str     0x0000000000000040      0x17d bio.o
                                        0x1ae (size before relaxing)
 .debug_str     0x00000000000001bd      0x29f console.o
                                        0x433 (size before relaxing)
 .debug_str     0x000000000000045c      0x11a exec.o
                                        0x30d (size before relaxing)
 .debug_str     0x0000000000000576       0x77 file.o
                                        0x236 (size before relaxing)
 .debug_str     0x00000000000005ed       0xec fs.o
                                        0x4d9 (size before relaxing)
 .debug_str     0x00000000000006d9       0x80 ide.o
                                        0x3a0 (size before relaxing)
 .debug_str     0x0000000000000759       0x3a ioapic.o
                                        0x12c (size before relaxing)
 .debug_str     0x0000000000000793       0x48 kalloc.o
                                        0x158 (size before relaxing)
 .debug_str     0x00000000000007db       0x4e kbd.o
                                        0x137 (size before relaxing)
 .debug_str     0x0000000000000829       0x89 lapic.o
                                        0x187 (size before relaxing)
 .debug_str     0x00000000000008b2       0x85 log.o
                                        0x26d (size before relaxing)
 .debug_str     0x0000000000000937       0xbe main.o
                                        0x3c2 (size before relaxing)
 .debug_str     0x00000000000009f5       0xa8 mp.o
                                        0x38b (size before relaxing)
 .debug_str     0x0000000000000a9d       0xe5 picirq.o
 .debug_str     0x0000000000000a9d       0x2a pipe.o
                                        0x386 (size before relaxing)
 .debug_str     0x0000000000000ac7       0xdb proc.o
                                        0x488 (size before relaxing)
 .debug_str     0x0000000000000ba2      0x2ee sleeplock.o
 .debug_str     0x0000000000000ba2      0x2f3 spinlock.o
 .debug_str     0x0000000000000ba2       0x13 string.o
                                        0x126 (size before relaxing)
 .debug_str     0x0000000000000bb5        0x8 swtch.o
                                         0x40 (size before relaxing)
 .debug_str     0x0000000000000bbd      0x109 syscall.o
                                        0x2e4 (size before relaxing)
 .debug_str     0x0000000000000cc6       0x31 sysfile.o
                                        0x4aa (size before relaxing)
 .debug_str     0x0000000000000cf7       0x18 sysproc.o
                                        0x27c (size before relaxing)
 .debug_str     0x0000000000000d0f        0xa trapasm.o
                                         0x42 (size before relaxing)
 .debug_str     0x0000000000000d19       0x41 trap.o
                                        0x34e (size before relaxing)
 .debug_str     0x0000000000000d5a        0xe uart.o
                                        0x139 (size before relaxing)
 .debug_str     0x0000000000000d68        0xa vectors.o
                                         0x42 (size before relaxing)
 .debug_str     0x0000000000000d72       0x82 vm.o
                                        0x3ea (size before relaxing)

.debug_loclists
                0x0000000000000000     0x55cd
 .debug_loclists
                0x0000000000000000       0xe5 bio.o
 .debug_loclists
                0x00000000000000e5      0x7a2 console.o
 .debug_loclists
                0x0000000000000887      0x241 exec.o
 .debug_loclists
                0x0000000000000ac8      0x359 file.o
 .debug_loclists
                0x0000000000000e21      0xd1e fs.o
 .debug_loclists
                0x0000000000001b3f      0x2c4 ide.o
 .debug_loclists
                0x0000000000001e03       0xbf ioapic.o
 .debug_loclists
                0x0000000000001ec2      0x1a9 kalloc.o
 .debug_loclists
                0x000000000000206b       0x65 kbd.o
 .debug_loclists
                0x00000000000020d0      0x59e lapic.o
 .debug_loclists
                0x000000000000266e      0x163 log.o
 .debug_loclists
                0x00000000000027d1       0x66 main.o
 .debug_loclists
                0x0000000000002837      0x2f8 mp.o
 .debug_loclists
                0x0000000000002b2f       0x34 picirq.o
 .debug_loclists
                0x0000000000002b63      0x177 pipe.o
 .debug_loclists
                0x0000000000002cda      0x4eb proc.o
 .debug_loclists
                0x00000000000031c5       0x45 sleeplock.o
 .debug_loclists
                0x000000000000320a      0x172 spinlock.o
 .debug_loclists
                0x000000000000337c      0x444 string.o
 .debug_loclists
                0x00000000000037c0      0x1be syscall.o
 .debug_loclists
                0x000000000000397e      0x55a sysfile.o
 .debug_loclists
                0x0000000000003ed8       0x3c sysproc.o
 .debug_loclists
                0x0000000000003f14       0x4c trap.o
 .debug_loclists
                0x0000000000003f60      0x1cd uart.o
 .debug_loclists
                0x000000000000412d     0x14a0 vm.o

.debug_rnglists
                0x0000000000000000      0x881
 .debug_rnglists
                0x0000000000000000       0x17 bio.o
 .debug_rnglists
                0x0000000000000017       0x94 console.o
 .debug_rnglists
                0x00000000000000ab       0x17 file.o
 .debug_rnglists
                0x00000000000000c2       0xb8 fs.o
 .debug_rnglists
                0x000000000000017a       0x69 ide.o
 .debug_rnglists
                0x00000000000001e3       0x4f ioapic.o
 .debug_rnglists
                0x0000000000000232       0x27 kalloc.o
 .debug_rnglists
                0x0000000000000259       0x16 kbd.o
 .debug_rnglists
                0x000000000000026f      0x21d lapic.o
 .debug_rnglists
                0x000000000000048c       0x40 log.o
 .debug_rnglists
                0x00000000000004cc       0x1a main.o
 .debug_rnglists
                0x00000000000004e6       0x37 mp.o
 .debug_rnglists
                0x000000000000051d       0x7a proc.o
 .debug_rnglists
                0x0000000000000597       0x53 spinlock.o
 .debug_rnglists
                0x00000000000005ea       0x13 string.o
 .debug_rnglists
                0x00000000000005fd       0x32 syscall.o
 .debug_rnglists
                0x000000000000062f       0x9d sysfile.o
 .debug_rnglists
                0x00000000000006cc       0x1c trap.o
 .debug_rnglists
                0x00000000000006e8       0x53 uart.o
 .debug_rnglists
                0x000000000000073b      0x146 vm.o

.debug_line_str
                0x0000000000000000      0x146
 .debug_line_str
                0x0000000000000000       0x5e bio.o
                                         0x96 (size before relaxing)
 .debug_line_str
                0x000000000000005e       0x24 console.o
                                         0xb6 (size before relaxing)
 .debug_line_str
                0x0000000000000082        0xd exec.o
                                         0x8f (size before relaxing)
 .debug_line_str
                0x000000000000008f        0xd file.o
                                         0x9a (size before relaxing)
 .debug_line_str
                0x000000000000008f        0xc fs.o
                                         0xb3 (size before relaxing)
 .debug_line_str
                0x000000000000009b        0x6 ide.o
                                         0xa9 (size before relaxing)
 .debug_line_str
                0x00000000000000a1        0x9 ioapic.o
                                         0x82 (size before relaxing)
 .debug_line_str
                0x00000000000000aa        0x9 kalloc.o
                                         0x8d (size before relaxing)
 .debug_line_str
                0x00000000000000b3        0xc kbd.o
                                         0x85 (size before relaxing)
 .debug_line_str
                0x00000000000000bf        0xf lapic.o
                                         0x8c (size before relaxing)
 .debug_line_str
                0x00000000000000ce        0x6 log.o
                                         0x9b (size before relaxing)
 .debug_line_str
                0x00000000000000d4        0x7 main.o
                                         0x8f (size before relaxing)
 .debug_line_str
                0x00000000000000db        0xa mp.o
                                         0x8e (size before relaxing)
 .debug_line_str
                0x00000000000000e5        0x9 picirq.o
                                         0x81 (size before relaxing)
 .debug_line_str
                0x00000000000000ee        0x7 pipe.o
                                         0xa7 (size before relaxing)
 .debug_line_str
                0x00000000000000f5        0x7 proc.o
                                         0x9a (size before relaxing)
 .debug_line_str
                0x00000000000000f5        0xc sleeplock.o
                                         0xb5 (size before relaxing)
 .debug_line_str
                0x0000000000000101        0xb spinlock.o
                                         0xa6 (size before relaxing)
 .debug_line_str
                0x000000000000010c        0x9 string.o
                                         0x81 (size before relaxing)
 .debug_line_str
                0x0000000000000115        0xa syscall.o
                                         0x92 (size before relaxing)
 .debug_line_str
                0x000000000000011f        0xa sysfile.o
                                         0xbc (size before relaxing)
 .debug_line_str
                0x0000000000000129        0xa sysproc.o
                                         0x92 (size before relaxing)
 .debug_line_str
                0x0000000000000133        0x7 trap.o
                                         0x9a (size before relaxing)
 .debug_line_str
                0x000000000000013a        0x7 uart.o
                                         0x82 (size before relaxing)
 .debug_line_str
                0x0000000000000141        0x5 vm.o
                                         0x89 (size before relaxing)

.comment        0x0000000000000000       0x12
 .comment       0x0000000000000000       0x12 bio.o
                                         0x13 (size before relaxing)
 .comment       0x0000000000000012       0x13 console.o
 .comment       0x0000000000000012       0x13 exec.o
 .comment       0x0000000000000012       0x13 file.o
 .comment       0x0000000000000012       0x13 fs.o
 .comment       0x0000000000000012       0x13 ide.o
 .comment       0x0000000000000012       0x13 ioapic.o
 .comment       0x0000000000000012       0x13 kalloc.o
 .comment       0x0000000000000012       0x13 kbd.o
 .comment       0x0000000000000012       0x13 lapic.o
 .comment       0x0000000000000012       0x13 log.o
 .comment       0x0000000000000012       0x13 main.o
 .comment       0x0000000000000012       0x13 mp.o
 .comment       0x0000000000000012       0x13 picirq.o
 .comment       0x0000000000000012       0x13 pipe.o
 .comment       0x0000000000000012       0x13 proc.o
 .comment       0x0000000000000012       0x13 sleeplock.o
 .comment       0x0000000000000012       0x13 spinlock.o
 .comment       0x0000000000000012       0x13 string.o
 .comment       0x0000000000000012       0x13 syscall.o
 .comment       0x0000000000000012       0x13 sysfile.o
 .comment       0x0000000000000012       0x13 sysproc.o
 .comment       0x0000000000000012       0x13 trap.o
 .comment       0x0000000000000012       0x13 uart.o
 .comment       0x0000000000000012       0x13 vm.o

.debug_frame    0x0000000000000000     0x1ed8
 .debug_frame   0x0000000000000000       0xc4 bio.o
 .debug_frame   0x00000000000000c4      0x18c console.o
 .debug_frame   0x0000000000000250       0x44 exec.o
 .debug_frame   0x0000000000000294      0x180 file.o
 .debug_frame   0x0000000000000414      0x41c fs.o
 .debug_frame   0x0000000000000830       0xc4 ide.o
 .debug_frame   0x00000000000008f4       0x5c ioapic.o
 .debug_frame   0x0000000000000950       0xdc kalloc.o
 .debug_frame   0x0000000000000a2c       0x74 kbd.o
 .debug_frame   0x0000000000000aa0       0xa4 lapic.o
 .debug_frame   0x0000000000000b44      0x110 log.o
 .debug_frame   0x0000000000000c54       0x70 main.o
 .debug_frame   0x0000000000000cc4       0x80 mp.o
 .debug_frame   0x0000000000000d44       0x24 picirq.o
 .debug_frame   0x0000000000000d68       0xf4 pipe.o
 .debug_frame   0x0000000000000e5c      0x324 proc.o
 .debug_frame   0x0000000000001180       0xb8 sleeplock.o
 .debug_frame   0x0000000000001238      0x138 spinlock.o
 .debug_frame   0x0000000000001370      0x168 string.o
 .debug_frame   0x00000000000014d8      0x11c syscall.o
 .debug_frame   0x00000000000015f4      0x2c8 sysfile.o
 .debug_frame   0x00000000000018bc      0x124 sysproc.o
 .debug_frame   0x00000000000019e0       0x94 trap.o
 .debug_frame   0x0000000000001a74       0x98 uart.o
 .debug_frame   0x0000000000001b0c      0x3cc vm.o
