
Allocating common symbols
Common symbol       size              file

stack               0x1000            entry.o

Memory Configuration

Name             Origin             Length             Attributes
*default*        0x0000000000000000 0xffffffffffffffff

Linker script and memory map

                0x0000000080100000                . = 0x80100000

.text           0x0000000080100000     0x74c6 load address 0x0000000000100000
 *(.text .stub .text.* .gnu.linkonce.t.*)
 .text          0x0000000080100000       0x34 entry.o
                0x0000000080100000                multiboot_header
                0x000000008010000c                entry
                0x000000010010000c                _start
 *fill*         0x0000000080100034        0xc 
 .text          0x0000000080100040      0x23e bio.o
                0x0000000080100040                binit
                0x00000000801000d0                bread
                0x00000000801001b0                bwrite
                0x00000000801001f0                brelse
 *fill*         0x000000008010027e        0x2 
 .text          0x0000000080100280      0x823 console.o
                0x0000000080100280                consoleread
                0x0000000080100380                panic
                0x0000000080100590                consolewrite
                0x00000000801006a0                cprintf
                0x0000000080100880                consoleintr
                0x0000000080100a60                consoleinit
 *fill*         0x0000000080100aa3        0xd 
 .text          0x0000000080100ab0      0x369 exec.o
                0x0000000080100ab0                exec
 *fill*         0x0000000080100e19        0x7 
 .text          0x0000000080100e20      0x3ab file.o
                0x0000000080100e20                fileinit
                0x0000000080100e40                filealloc
                0x0000000080100eb0                filedup
                0x0000000080100f00                fileclose
                0x0000000080100fe0                filestat
                0x0000000080101030                fileread
                0x00000000801010c0                filewrite
 *fill*         0x00000000801011cb        0x5 
 .text          0x00000000801011d0      0xf14 fs.o
                0x0000000080101530                readsb
                0x0000000080101570                iinit
                0x0000000080101620                ialloc
                0x00000000801016e0                iupdate
                0x0000000080101760                idup
                0x0000000080101790                ilock
                0x0000000080101870                iunlock
                0x00000000801018c0                iput
                0x0000000080101a20                iunlockput
                0x0000000080101a70                stati
                0x0000000080101aa0                readi
                0x0000000080101ba0                writei
                0x0000000080101cd0                namecmp
                0x0000000080101cf0                dirlookup
                0x0000000080101ff0                dirlink
                0x00000000801020b0                namei
                0x00000000801020d0                nameiparent
 *fill*         0x00000000801020e4        0xc 
 .text          0x00000000801020f0      0x2ee ide.o
                0x00000000801021d0                ideinit
                0x0000000080102250                ideintr
                0x00000000801022f0                iderw
 *fill*         0x00000000801023de        0x2 
 .text          0x00000000801023e0       0xe3 ioapic.o
                0x00000000801023e0                ioapicinit
                0x0000000080102490                ioapicenable
 *fill*         0x00000000801024c3        0xd 
 .text          0x00000000801024d0      0x22e kalloc.o
                0x00000000801024d0                kfree
                0x0000000080102570                freerange
                0x00000000801025c0                kinit2
                0x0000000080102620                kinit1
                0x0000000080102690                kalloc
 *fill*         0x00000000801026fe        0x2 
 .text          0x0000000080102700       0xf5 kbd.o
                0x0000000080102700                kbdgetc
                0x00000000801027e0                kbdintr
 *fill*         0x00000000801027f5        0xb 
 .text          0x0000000080102800      0x3ca lapic.o
                0x0000000080102800                lapicinit
                0x0000000080102900                lapicid
                0x0000000080102920                lapiceoi
                0x0000000080102940                microdelay
                0x0000000080102950                lapicstartap
                0x00000000801029e0                cmostime
 *fill*         0x0000000080102bca        0x6 
 .text          0x0000000080102bd0      0x438 log.o
                0x0000000080102cd0                initlog
                0x0000000080102d70                begin_op
                0x0000000080102de0                end_op
                0x0000000080102f50                log_write
 *fill*         0x0000000080103008        0x8 
 .text          0x0000000080103010       0x5a main.o
 *fill*         0x000000008010306a        0x6 
 .text.startup  0x0000000080103070      0x12c main.o
                0x0000000080103070                main
 *fill*         0x000000008010319c        0x4 
 .text          0x00000000801031a0      0x272 mp.o
                0x0000000080103220                mpinit
 *fill*         0x0000000080103412        0xe 
 .text          0x0000000080103420       0x12 picirq.o
                0x0000000080103420                picinit
 *fill*         0x0000000080103432        0xe 
 .text          0x0000000080103440      0x37b pipe.o
                0x0000000080103440                pipealloc
                0x0000000080103540                pipeclose
                0x00000000801035e0                pipewrite
                0x00000000801036e0                piperead
 *fill*         0x00000000801037bb        0x5 
 .text          0x00000000801037c0      0xbc6 proc.o
                0x0000000080103890                forkret
                0x00000000801038e0                pinit
                0x0000000080103900                mycpu
                0x0000000080103960                cpuid
                0x0000000080103980                myproc
                0x00000000801039b0                userinit
                0x0000000080103ab0                growproc
                0x0000000080103b30                fork
                0x0000000080103c60                scheduler
                0x0000000080103d00                sched
                0x0000000080103dc0                exit
                0x0000000080103ef0                wait
                0x0000000080104020                yield
                0x0000000080104070                sleep
                0x0000000080104130                wakeup
                0x0000000080104190                kill
                0x0000000080104210                procdump
                0x00000000801042d0                cps
 *fill*         0x0000000080104386        0xa 
 .text          0x0000000080104390      0x12d sleeplock.o
                0x0000000080104390                initsleeplock
                0x00000000801043d0                acquiresleep
                0x0000000080104430                releasesleep
                0x0000000080104470                holdingsleep
 *fill*         0x00000000801044bd        0x3 
 .text          0x00000000801044c0      0x28a spinlock.o
                0x00000000801044c0                initlock
                0x00000000801044e0                getcallerpcs
                0x0000000080104540                pushcli
                0x0000000080104590                popcli
                0x00000000801045f0                holding
                0x0000000080104630                release
                0x0000000080104690                acquire
 *fill*         0x000000008010474a        0x6 
 .text          0x0000000080104750      0x21b string.o
                0x0000000080104750                memset
                0x00000000801047a0                memcmp
                0x00000000801047f0                memmove
                0x0000000080104850                memcpy
                0x0000000080104860                strncmp
                0x00000000801048b0                strncpy
                0x0000000080104910                safestrcpy
                0x0000000080104950                strlen
 .text          0x000000008010496b       0x15 swtch.o
                0x000000008010496b                swtch
 .text          0x0000000080104980      0x244 syscall.o
                0x0000000080104980                fetchint
                0x00000000801049c0                fetchstr
                0x0000000080104a20                argint
                0x0000000080104a70                argptr
                0x0000000080104ad0                argstr
                0x0000000080104b60                syscall
 *fill*         0x0000000080104bc4        0xc 
 .text          0x0000000080104bd0      0xbb9 sysfile.o
                0x0000000080104d70                sys_dup
                0x0000000080104df0                sys_read
                0x0000000080104e70                sys_write
                0x0000000080104ef0                sys_close
                0x0000000080104f50                sys_fstat
                0x0000000080104fc0                sys_link
                0x0000000080105110                sys_unlink
                0x00000000801052f0                sys_open
                0x0000000080105430                sys_mkdir
                0x0000000080105490                sys_mknod
                0x0000000080105520                sys_chdir
                0x00000000801055d0                sys_exec
                0x00000000801056c0                sys_pipe
 *fill*         0x0000000080105789        0x7 
 .text          0x0000000080105790      0x257 sysproc.o
                0x0000000080105790                sys_fork
                0x00000000801057a0                sys_exit
                0x00000000801057b0                sys_wait
                0x00000000801057c0                sys_kill
                0x0000000080105800                sys_getpid
                0x0000000080105810                sys_sbrk
                0x0000000080105860                sys_sleep
                0x0000000080105910                sys_uptime
                0x0000000080105940                sys_cps
                0x0000000080105950                sys_mprotect
                0x00000000801059a0                sys_munprotect
 .text          0x00000000801059e7       0x23 trapasm.o
                0x00000000801059e7                alltraps
                0x00000000801059ff                trapret
 *fill*         0x0000000080105a0a        0x6 
 .text          0x0000000080105a10      0x33a trap.o
                0x0000000080105a10                tvinit
                0x0000000080105a90                idtinit
                0x0000000080105ac0                trap
 *fill*         0x0000000080105d4a        0x6 
 .text          0x0000000080105d50      0x1a5 uart.o
                0x0000000080105d80                uartinit
                0x0000000080105e80                uartputc
                0x0000000080105ee0                uartintr
 .text          0x0000000080105ef5      0xa72 vectors.o
                0x0000000080105ef5                vector0
                0x0000000080105efe                vector1
                0x0000000080105f07                vector2
                0x0000000080105f10                vector3
                0x0000000080105f19                vector4
                0x0000000080105f22                vector5
                0x0000000080105f2b                vector6
                0x0000000080105f34                vector7
                0x0000000080105f3d                vector8
                0x0000000080105f44                vector9
                0x0000000080105f4d                vector10
                0x0000000080105f54                vector11
                0x0000000080105f5b                vector12
                0x0000000080105f62                vector13
                0x0000000080105f69                vector14
                0x0000000080105f70                vector15
                0x0000000080105f79                vector16
                0x0000000080105f82                vector17
                0x0000000080105f89                vector18
                0x0000000080105f92                vector19
                0x0000000080105f9b                vector20
                0x0000000080105fa4                vector21
                0x0000000080105fad                vector22
                0x0000000080105fb6                vector23
                0x0000000080105fbf                vector24
                0x0000000080105fc8                vector25
                0x0000000080105fd1                vector26
                0x0000000080105fda                vector27
                0x0000000080105fe3                vector28
                0x0000000080105fec                vector29
                0x0000000080105ff5                vector30
                0x0000000080105ffe                vector31
                0x0000000080106007                vector32
                0x0000000080106010                vector33
                0x0000000080106019                vector34
                0x0000000080106022                vector35
                0x000000008010602b                vector36
                0x0000000080106034                vector37
                0x000000008010603d                vector38
                0x0000000080106046                vector39
                0x000000008010604f                vector40
                0x0000000080106058                vector41
                0x0000000080106061                vector42
                0x000000008010606a                vector43
                0x0000000080106073                vector44
                0x000000008010607c                vector45
                0x0000000080106085                vector46
                0x000000008010608e                vector47
                0x0000000080106097                vector48
                0x00000000801060a0                vector49
                0x00000000801060a9                vector50
                0x00000000801060b2                vector51
                0x00000000801060bb                vector52
                0x00000000801060c4                vector53
                0x00000000801060cd                vector54
                0x00000000801060d6                vector55
                0x00000000801060df                vector56
                0x00000000801060e8                vector57
                0x00000000801060f1                vector58
                0x00000000801060fa                vector59
                0x0000000080106103                vector60
                0x000000008010610c                vector61
                0x0000000080106115                vector62
                0x000000008010611e                vector63
                0x0000000080106127                vector64
                0x0000000080106130                vector65
                0x0000000080106139                vector66
                0x0000000080106142                vector67
                0x000000008010614b                vector68
                0x0000000080106154                vector69
                0x000000008010615d                vector70
                0x0000000080106166                vector71
                0x000000008010616f                vector72
                0x0000000080106178                vector73
                0x0000000080106181                vector74
                0x000000008010618a                vector75
                0x0000000080106193                vector76
                0x000000008010619c                vector77
                0x00000000801061a5                vector78
                0x00000000801061ae                vector79
                0x00000000801061b7                vector80
                0x00000000801061c0                vector81
                0x00000000801061c9                vector82
                0x00000000801061d2                vector83
                0x00000000801061db                vector84
                0x00000000801061e4                vector85
                0x00000000801061ed                vector86
                0x00000000801061f6                vector87
                0x00000000801061ff                vector88
                0x0000000080106208                vector89
                0x0000000080106211                vector90
                0x000000008010621a                vector91
                0x0000000080106223                vector92
                0x000000008010622c                vector93
                0x0000000080106235                vector94
                0x000000008010623e                vector95
                0x0000000080106247                vector96
                0x0000000080106250                vector97
                0x0000000080106259                vector98
                0x0000000080106262                vector99
                0x000000008010626b                vector100
                0x0000000080106274                vector101
                0x000000008010627d                vector102
                0x0000000080106286                vector103
                0x000000008010628f                vector104
                0x0000000080106298                vector105
                0x00000000801062a1                vector106
                0x00000000801062aa                vector107
                0x00000000801062b3                vector108
                0x00000000801062bc                vector109
                0x00000000801062c5                vector110
                0x00000000801062ce                vector111
                0x00000000801062d7                vector112
                0x00000000801062e0                vector113
                0x00000000801062e9                vector114
                0x00000000801062f2                vector115
                0x00000000801062fb                vector116
                0x0000000080106304                vector117
                0x000000008010630d                vector118
                0x0000000080106316                vector119
                0x000000008010631f                vector120
                0x0000000080106328                vector121
                0x0000000080106331                vector122
                0x000000008010633a                vector123
                0x0000000080106343                vector124
                0x000000008010634c                vector125
                0x0000000080106355                vector126
                0x000000008010635e                vector127
                0x0000000080106367                vector128
                0x0000000080106373                vector129
                0x000000008010637f                vector130
                0x000000008010638b                vector131
                0x0000000080106397                vector132
                0x00000000801063a3                vector133
                0x00000000801063af                vector134
                0x00000000801063bb                vector135
                0x00000000801063c7                vector136
                0x00000000801063d3                vector137
                0x00000000801063df                vector138
                0x00000000801063eb                vector139
                0x00000000801063f7                vector140
                0x0000000080106403                vector141
                0x000000008010640f                vector142
                0x000000008010641b                vector143
                0x0000000080106427                vector144
                0x0000000080106433                vector145
                0x000000008010643f                vector146
                0x000000008010644b                vector147
                0x0000000080106457                vector148
                0x0000000080106463                vector149
                0x000000008010646f                vector150
                0x000000008010647b                vector151
                0x0000000080106487                vector152
                0x0000000080106493                vector153
                0x000000008010649f                vector154
                0x00000000801064ab                vector155
                0x00000000801064b7                vector156
                0x00000000801064c3                vector157
                0x00000000801064cf                vector158
                0x00000000801064db                vector159
                0x00000000801064e7                vector160
                0x00000000801064f3                vector161
                0x00000000801064ff                vector162
                0x000000008010650b                vector163
                0x0000000080106517                vector164
                0x0000000080106523                vector165
                0x000000008010652f                vector166
                0x000000008010653b                vector167
                0x0000000080106547                vector168
                0x0000000080106553                vector169
                0x000000008010655f                vector170
                0x000000008010656b                vector171
                0x0000000080106577                vector172
                0x0000000080106583                vector173
                0x000000008010658f                vector174
                0x000000008010659b                vector175
                0x00000000801065a7                vector176
                0x00000000801065b3                vector177
                0x00000000801065bf                vector178
                0x00000000801065cb                vector179
                0x00000000801065d7                vector180
                0x00000000801065e3                vector181
                0x00000000801065ef                vector182
                0x00000000801065fb                vector183
                0x0000000080106607                vector184
                0x0000000080106613                vector185
                0x000000008010661f                vector186
                0x000000008010662b                vector187
                0x0000000080106637                vector188
                0x0000000080106643                vector189
                0x000000008010664f                vector190
                0x000000008010665b                vector191
                0x0000000080106667                vector192
                0x0000000080106673                vector193
                0x000000008010667f                vector194
                0x000000008010668b                vector195
                0x0000000080106697                vector196
                0x00000000801066a3                vector197
                0x00000000801066af                vector198
                0x00000000801066bb                vector199
                0x00000000801066c7                vector200
                0x00000000801066d3                vector201
                0x00000000801066df                vector202
                0x00000000801066eb                vector203
                0x00000000801066f7                vector204
                0x0000000080106703                vector205
                0x000000008010670f                vector206
                0x000000008010671b                vector207
                0x0000000080106727                vector208
                0x0000000080106733                vector209
                0x000000008010673f                vector210
                0x000000008010674b                vector211
                0x0000000080106757                vector212
                0x0000000080106763                vector213
                0x000000008010676f                vector214
                0x000000008010677b                vector215
                0x0000000080106787                vector216
                0x0000000080106793                vector217
                0x000000008010679f                vector218
                0x00000000801067ab                vector219
                0x00000000801067b7                vector220
                0x00000000801067c3                vector221
                0x00000000801067cf                vector222
                0x00000000801067db                vector223
                0x00000000801067e7                vector224
                0x00000000801067f3                vector225
                0x00000000801067ff                vector226
                0x000000008010680b                vector227
                0x0000000080106817                vector228
                0x0000000080106823                vector229
                0x000000008010682f                vector230
                0x000000008010683b                vector231
                0x0000000080106847                vector232
                0x0000000080106853                vector233
                0x000000008010685f                vector234
                0x000000008010686b                vector235
                0x0000000080106877                vector236
                0x0000000080106883                vector237
                0x000000008010688f                vector238
                0x000000008010689b                vector239
                0x00000000801068a7                vector240
                0x00000000801068b3                vector241
                0x00000000801068bf                vector242
                0x00000000801068cb                vector243
                0x00000000801068d7                vector244
                0x00000000801068e3                vector245
                0x00000000801068ef                vector246
                0x00000000801068fb                vector247
                0x0000000080106907                vector248
                0x0000000080106913                vector249
                0x000000008010691f                vector250
                0x000000008010692b                vector251
                0x0000000080106937                vector252
                0x0000000080106943                vector253
                0x000000008010694f                vector254
                0x000000008010695b                vector255
 *fill*         0x0000000080106967        0x9 
 .text          0x0000000080106970      0xb3a vm.o
                0x0000000080106b10                seginit
                0x0000000080106ba0                switchkvm
                0x0000000080106bb0                switchuvm
                0x0000000080106cc0                inituvm
                0x0000000080106d40                loaduvm
                0x0000000080106e30                allocuvm
                0x0000000080106f60                deallocuvm
                0x0000000080106f90                freevm
                0x0000000080107010                setupkvm
                0x0000000080107090                kvmalloc
                0x00000000801070b0                clearpteu
                0x0000000080107100                copyuvm
                0x0000000080107230                uva2ka
                0x0000000080107280                copyout
                0x0000000080107350                mprotect
                0x0000000080107400                munprotect
 .text.unlikely
                0x00000000801074aa       0x1c vm.o
                [!provide]                        PROVIDE (etext = .)

.iplt           0x00000000801074c6        0x0 load address 0x00000000001074c6
 .iplt          0x00000000801074c6        0x0 entry.o

.rodata         0x00000000801074e0      0xa63 load address 0x00000000001074e0
 *(.rodata .rodata.* .gnu.linkonce.r.*)
 .rodata.str1.1
                0x00000000801074e0       0x2d bio.o
 .rodata.str1.1
                0x000000008010750d       0x43 console.o
                                         0x45 (size before relaxing)
 .rodata        0x0000000080107550       0x11 console.o
 .rodata.str1.1
                0x0000000080107561        0xc exec.o
 .rodata.str1.1
                0x000000008010756d       0x32 file.o
                                         0x3c (size before relaxing)
 .rodata.str1.1
                0x000000008010759f       0xb6 fs.o
                                         0xbe (size before relaxing)
 *fill*         0x0000000080107655        0x3 
 .rodata.str1.4
                0x0000000080107658       0x53 fs.o
 .rodata.str1.1
                0x00000000801076ab       0x68 ide.o
 *fill*         0x0000000080107713        0x1 
 .rodata.str1.4
                0x0000000080107714       0x32 ioapic.o
 .rodata.str1.1
                0x0000000080107746        0xb kalloc.o
 *fill*         0x0000000080107751        0xf 
 .rodata        0x0000000080107760      0x220 kbd.o
 .rodata.str1.1
                0x0000000080107980       0x44 log.o
 .rodata.str1.1
                0x00000000801079c4       0x14 main.o
 .rodata.str1.1
                0x00000000801079d8       0x22 mp.o
 *fill*         0x00000000801079fa        0x2 
 .rodata.str1.4
                0x00000000801079fc       0x1f mp.o
 .rodata.str1.1
                0x0000000080107a1b        0x5 pipe.o
 .rodata.str1.1
                0x0000000080107a20      0x140 proc.o
                                        0x146 (size before relaxing)
 .rodata.str1.4
                0x0000000080107b60       0x26 proc.o
 *fill*         0x0000000080107b86        0x2 
 .rodata        0x0000000080107b88       0x18 proc.o
 .rodata.str1.1
                0x0000000080107ba0        0xb sleeplock.o
 .rodata.str1.1
                0x0000000080107bab       0x2e spinlock.o
 .rodata.str1.1
                0x0000000080107bd9       0x1c syscall.o
 *fill*         0x0000000080107bf5        0xb 
 .rodata        0x0000000080107c00       0x64 syscall.o
 .rodata.str1.1
                0x0000000080107c64       0x61 sysfile.o
                                         0x63 (size before relaxing)
 .rodata.str1.1
                0x0000000080107cc5        0xa trap.o
 *fill*         0x0000000080107ccf        0x1 
 .rodata.str1.4
                0x0000000080107cd0       0x9b trap.o
 *fill*         0x0000000080107d6b        0x1 
 .rodata        0x0000000080107d6c       0x80 trap.o
 .rodata.str1.1
                0x0000000080107dec        0x8 uart.o
 .rodata.str1.1
                0x0000000080107df4      0x129 vm.o
                                        0x12f (size before relaxing)
 *fill*         0x0000000080107f1d        0x3 
 .rodata.str1.4
                0x0000000080107f20       0x23 vm.o

.rel.dyn        0x0000000080107f44        0x0 load address 0x0000000000107f44
 .rel.got       0x0000000080107f44        0x0 entry.o
 .rel.iplt      0x0000000080107f44        0x0 entry.o
 .rel.text      0x0000000080107f44        0x0 entry.o
 .rel.text.startup
                0x0000000080107f44        0x0 entry.o
 .rel.data      0x0000000080107f44        0x0 entry.o

.stab           0x0000000080107f43        0x0
                [!provide]                        PROVIDE (__STAB_BEGIN__ = .)
 *(.stab)
                [!provide]                        PROVIDE (__STAB_END__ = .)

.stabstr        0x0000000080107f43        0x0
                [!provide]                        PROVIDE (__STABSTR_BEGIN__ = .)
 *(.stabstr)
                [!provide]                        PROVIDE (__STABSTR_END__ = .)
                0x0000000080108000                . = ALIGN (0x1000)
                0x0000000080108000                PROVIDE (data = .)

.data           0x0000000080108000     0x251a load address 0x0000000000108000
 *(.data)
 .data          0x0000000080108000        0x0 entry.o
 .data          0x0000000080108000        0x0 bio.o
 .data          0x0000000080108000        0x0 console.o
 .data          0x0000000080108000        0x0 exec.o
 .data          0x0000000080108000        0x0 file.o
 .data          0x0000000080108000        0x0 fs.o
 .data          0x0000000080108000        0x0 ide.o
 .data          0x0000000080108000        0x0 ioapic.o
 .data          0x0000000080108000        0x0 kalloc.o
 .data          0x0000000080108000      0x300 kbd.o
 .data          0x0000000080108300        0x0 lapic.o
 .data          0x0000000080108300        0x0 log.o
 *fill*         0x0000000080108300      0xd00 
 .data          0x0000000080109000     0x1000 main.o
                0x0000000080109000                entrypgdir
 .data          0x000000008010a000        0x0 mp.o
 .data          0x000000008010a000        0x0 picirq.o
 .data          0x000000008010a000        0x0 pipe.o
 .data          0x000000008010a000        0x8 proc.o
                0x000000008010a004                nextpid
 .data          0x000000008010a008        0x0 sleeplock.o
 .data          0x000000008010a008        0x0 spinlock.o
 .data          0x000000008010a008        0x0 string.o
 .data          0x000000008010a008        0x0 swtch.o
 .data          0x000000008010a008        0x0 syscall.o
 .data          0x000000008010a008        0x0 sysfile.o
 .data          0x000000008010a008        0x0 sysproc.o
 .data          0x000000008010a008        0x0 trapasm.o
 .data          0x000000008010a008        0x0 trap.o
 .data          0x000000008010a008        0x0 uart.o
 .data          0x000000008010a008      0x400 vectors.o
                0x000000008010a008                vectors
 *fill*         0x000000008010a408       0x18 
 .data          0x000000008010a420       0x40 vm.o
 .data          0x000000008010a460       0x30 initcode
                0x000000008010a460                _binary_initcode_start
                0x000000008010a490                _binary_initcode_end
 .data          0x000000008010a490       0x8a entryother
                0x000000008010a490                _binary_entryother_start
                0x000000008010a51a                _binary_entryother_end
                [!provide]                        PROVIDE (edata = .)

.got            0x000000008010a51c        0x0 load address 0x000000000010a51c
 .got           0x000000008010a51c        0x0 entry.o

.got.plt        0x000000008010a51c        0x0 load address 0x000000000010a51c
 .got.plt       0x000000008010a51c        0x0 entry.o

.igot.plt       0x000000008010a51c        0x0 load address 0x000000000010a51c
 .igot.plt      0x000000008010a51c        0x0 entry.o

.bss            0x000000008010a520     0xb0b0 load address 0x000000000010a520
 *(.bss)
 .bss           0x000000008010a520        0x0 entry.o
 .bss           0x000000008010a520     0x4958 bio.o
                0x000000008010a520                bcache
 *fill*         0x000000008010ee78        0x8 
 .bss           0x000000008010ee80       0xdc console.o
                0x000000008010ee80                input
 .bss           0x000000008010ef5c        0x0 exec.o
 *fill*         0x000000008010ef5c        0x4 
 .bss           0x000000008010ef60      0x9f0 file.o
                0x000000008010ef60                ftable
                0x000000008010f900                devsw
 *fill*         0x000000008010f950       0x10 
 .bss           0x000000008010f960     0x1c70 fs.o
                0x000000008010f960                icache
                0x00000000801115b4                sb
 *fill*         0x00000000801115d0       0x10 
 .bss           0x00000000801115e0       0x54 ide.o
 .bss           0x0000000080111634        0x4 ioapic.o
                0x0000000080111634                ioapic
 *fill*         0x0000000080111638        0x8 
 .bss           0x0000000080111640       0x3c kalloc.o
                0x0000000080111640                kmem
 .bss           0x000000008011167c        0x4 kbd.o
 .bss           0x0000000080111680        0x4 lapic.o
                0x0000000080111680                lapic
 *fill*         0x0000000080111684       0x1c 
 .bss           0x00000000801116a0       0xc4 log.o
                0x00000000801116a0                log
 .bss           0x0000000080111764        0x0 main.o
 *fill*         0x0000000080111764       0x1c 
 .bss           0x0000000080111780      0x5a0 mp.o
                0x0000000080111780                ioapicid
                0x0000000080111784                ncpu
                0x00000000801117a0                cpus
 .bss           0x0000000080111d20        0x0 picirq.o
 .bss           0x0000000080111d20        0x0 pipe.o
 .bss           0x0000000080111d20     0x2038 proc.o
                0x0000000080111d20                ptable
 .bss           0x0000000080113d58        0x0 sleeplock.o
 .bss           0x0000000080113d58        0x0 spinlock.o
 .bss           0x0000000080113d58        0x0 string.o
 .bss           0x0000000080113d58        0x0 swtch.o
 .bss           0x0000000080113d58        0x0 syscall.o
 .bss           0x0000000080113d58        0x0 sysfile.o
 .bss           0x0000000080113d58        0x0 sysproc.o
 .bss           0x0000000080113d58        0x0 trapasm.o
 *fill*         0x0000000080113d58        0x8 
 .bss           0x0000000080113d60      0x860 trap.o
                0x0000000080113d60                ticks
                0x0000000080113d80                tickslock
                0x0000000080113dc0                idt
 .bss           0x00000000801145c0        0x4 uart.o
 .bss           0x00000000801145c4        0x0 vectors.o
 .bss           0x00000000801145c4        0x4 vm.o
                0x00000000801145c4                kpgdir
 *fill*         0x00000000801145c8        0x8 
 COMMON         0x00000000801145d0     0x1000 entry.o
                0x00000000801145d0                stack
                0x00000000801155d0                PROVIDE (end = .)

/DISCARD/
 *(.eh_frame .note.GNU-stack)
LOAD entry.o
LOAD bio.o
LOAD console.o
LOAD exec.o
LOAD file.o
LOAD fs.o
LOAD ide.o
LOAD ioapic.o
LOAD kalloc.o
LOAD kbd.o
LOAD lapic.o
LOAD log.o
LOAD main.o
LOAD mp.o
LOAD picirq.o
LOAD pipe.o
LOAD proc.o
LOAD sleeplock.o
LOAD spinlock.o
LOAD string.o
LOAD swtch.o
LOAD syscall.o
LOAD sysfile.o
LOAD sysproc.o
LOAD trapasm.o
LOAD trap.o
LOAD uart.o
LOAD vectors.o
LOAD vm.o
TARGET(binary)
LOAD initcode
LOAD entryother
OUTPUT(kernel elf32-i386)

.debug_line     0x0000000000000000     0x6daa
 .debug_line    0x0000000000000000       0x41 entry.o
 .debug_line    0x0000000000000041      0x24a bio.o
 .debug_line    0x000000000000028b      0x879 console.o
 .debug_line    0x0000000000000b04      0x2c9 exec.o
 .debug_line    0x0000000000000dcd      0x2bb file.o
 .debug_line    0x0000000000001088      0xc7b fs.o
 .debug_line    0x0000000000001d03      0x3ed ide.o
 .debug_line    0x00000000000020f0      0x1de ioapic.o
 .debug_line    0x00000000000022ce      0x21c kalloc.o
 .debug_line    0x00000000000024ea      0x18f kbd.o
 .debug_line    0x0000000000002679      0x7cb lapic.o
 .debug_line    0x0000000000002e44      0x3bf log.o
 .debug_line    0x0000000000003203      0x143 main.o
 .debug_line    0x0000000000003346      0x2fc mp.o
 .debug_line    0x0000000000003642       0x75 picirq.o
 .debug_line    0x00000000000036b7      0x336 pipe.o
 .debug_line    0x00000000000039ed      0xadc proc.o
 .debug_line    0x00000000000044c9      0x139 sleeplock.o
 .debug_line    0x0000000000004602      0x39c spinlock.o
 .debug_line    0x000000000000499e      0x297 string.o
 .debug_line    0x0000000000004c35       0x43 swtch.o
 .debug_line    0x0000000000004c78      0x2e5 syscall.o
 .debug_line    0x0000000000004f5d      0x8ed sysfile.o
 .debug_line    0x000000000000584a      0x1e8 sysproc.o
 .debug_line    0x0000000000005a32       0x48 trapasm.o
 .debug_line    0x0000000000005a7a      0x2a0 trap.o
 .debug_line    0x0000000000005d1a      0x271 uart.o
 .debug_line    0x0000000000005f8b      0x32f vectors.o
 .debug_line    0x00000000000062ba      0xaf0 vm.o

.debug_info     0x0000000000000000    0x11279
 .debug_info    0x0000000000000000       0x26 entry.o
 .debug_info    0x0000000000000026      0x457 bio.o
 .debug_info    0x000000000000047d     0x137d console.o
 .debug_info    0x00000000000017fa      0x876 exec.o
 .debug_info    0x0000000000002070      0x751 file.o
 .debug_info    0x00000000000027c1     0x1cea fs.o
 .debug_info    0x00000000000044ab      0xe80 ide.o
 .debug_info    0x000000000000532b      0x298 ioapic.o
 .debug_info    0x00000000000055c3      0x3a1 kalloc.o
 .debug_info    0x0000000000005964      0x21c kbd.o
 .debug_info    0x0000000000005b80      0xe65 lapic.o
 .debug_info    0x00000000000069e5      0x762 log.o
 .debug_info    0x0000000000007147      0xa36 main.o
 .debug_info    0x0000000000007b7d      0xd9a mp.o
 .debug_info    0x0000000000008917       0xe9 picirq.o
 .debug_info    0x0000000000008a00      0xa31 pipe.o
 .debug_info    0x0000000000009431     0x15ca proc.o
 .debug_info    0x000000000000a9fb      0x898 sleeplock.o
 .debug_info    0x000000000000b293      0xb37 spinlock.o
 .debug_info    0x000000000000bdca      0x41f string.o
 .debug_info    0x000000000000c1e9       0x26 swtch.o
 .debug_info    0x000000000000c20f      0x81f syscall.o
 .debug_info    0x000000000000ca2e     0x17c6 sysfile.o
 .debug_info    0x000000000000e1f4      0x6cb sysproc.o
 .debug_info    0x000000000000e8bf       0x26 trapasm.o
 .debug_info    0x000000000000e8e5      0xb19 trap.o
 .debug_info    0x000000000000f3fe      0x550 uart.o
 .debug_info    0x000000000000f94e       0x26 vectors.o
 .debug_info    0x000000000000f974     0x1905 vm.o

.debug_abbrev   0x0000000000000000     0x4544
 .debug_abbrev  0x0000000000000000       0x14 entry.o
 .debug_abbrev  0x0000000000000014      0x25f bio.o
 .debug_abbrev  0x0000000000000273      0x4de console.o
 .debug_abbrev  0x0000000000000751      0x1e6 exec.o
 .debug_abbrev  0x0000000000000937      0x250 file.o
 .debug_abbrev  0x0000000000000b87      0x5e9 fs.o
 .debug_abbrev  0x0000000000001170      0x310 ide.o
 .debug_abbrev  0x0000000000001480      0x1cf ioapic.o
 .debug_abbrev  0x000000000000164f      0x269 kalloc.o
 .debug_abbrev  0x00000000000018b8      0x174 kbd.o
 .debug_abbrev  0x0000000000001a2c      0x292 lapic.o
 .debug_abbrev  0x0000000000001cbe      0x294 log.o
 .debug_abbrev  0x0000000000001f52      0x2b3 main.o
 .debug_abbrev  0x0000000000002205      0x2c1 mp.o
 .debug_abbrev  0x00000000000024c6       0xa7 picirq.o
 .debug_abbrev  0x000000000000256d      0x237 pipe.o
 .debug_abbrev  0x00000000000027a4      0x500 proc.o
 .debug_abbrev  0x0000000000002ca4      0x1ea sleeplock.o
 .debug_abbrev  0x0000000000002e8e      0x2e4 spinlock.o
 .debug_abbrev  0x0000000000003172      0x145 string.o
 .debug_abbrev  0x00000000000032b7       0x14 swtch.o
 .debug_abbrev  0x00000000000032cb      0x2af syscall.o
 .debug_abbrev  0x000000000000357a      0x3a4 sysfile.o
 .debug_abbrev  0x000000000000391e      0x1e7 sysproc.o
 .debug_abbrev  0x0000000000003b05       0x14 trapasm.o
 .debug_abbrev  0x0000000000003b19      0x2b1 trap.o
 .debug_abbrev  0x0000000000003dca      0x1e9 uart.o
 .debug_abbrev  0x0000000000003fb3       0x14 vectors.o
 .debug_abbrev  0x0000000000003fc7      0x57d vm.o

.debug_aranges  0x0000000000000000      0x3b0
 .debug_aranges
                0x0000000000000000       0x20 entry.o
 .debug_aranges
                0x0000000000000020       0x20 bio.o
 .debug_aranges
                0x0000000000000040       0x20 console.o
 .debug_aranges
                0x0000000000000060       0x20 exec.o
 .debug_aranges
                0x0000000000000080       0x20 file.o
 .debug_aranges
                0x00000000000000a0       0x20 fs.o
 .debug_aranges
                0x00000000000000c0       0x20 ide.o
 .debug_aranges
                0x00000000000000e0       0x20 ioapic.o
 .debug_aranges
                0x0000000000000100       0x20 kalloc.o
 .debug_aranges
                0x0000000000000120       0x20 kbd.o
 .debug_aranges
                0x0000000000000140       0x20 lapic.o
 .debug_aranges
                0x0000000000000160       0x20 log.o
 .debug_aranges
                0x0000000000000180       0x28 main.o
 .debug_aranges
                0x00000000000001a8       0x20 mp.o
 .debug_aranges
                0x00000000000001c8       0x20 picirq.o
 .debug_aranges
                0x00000000000001e8       0x20 pipe.o
 .debug_aranges
                0x0000000000000208       0x20 proc.o
 .debug_aranges
                0x0000000000000228       0x20 sleeplock.o
 .debug_aranges
                0x0000000000000248       0x20 spinlock.o
 .debug_aranges
                0x0000000000000268       0x20 string.o
 .debug_aranges
                0x0000000000000288       0x20 swtch.o
 .debug_aranges
                0x00000000000002a8       0x20 syscall.o
 .debug_aranges
                0x00000000000002c8       0x20 sysfile.o
 .debug_aranges
                0x00000000000002e8       0x20 sysproc.o
 .debug_aranges
                0x0000000000000308       0x20 trapasm.o
 .debug_aranges
                0x0000000000000328       0x20 trap.o
 .debug_aranges
                0x0000000000000348       0x20 uart.o
 .debug_aranges
                0x0000000000000368       0x20 vectors.o
 .debug_aranges
                0x0000000000000388       0x28 vm.o

.debug_str      0x0000000000000000      0xdfc
 .debug_str     0x0000000000000000       0x40 entry.o
 .debug_str     0x0000000000000040      0x17d bio.o
                                        0x1ae (size before relaxing)
 .debug_str     0x00000000000001bd      0x29f console.o
                                        0x433 (size before relaxing)
 .debug_str     0x000000000000045c      0x11a exec.o
                                        0x30d (size before relaxing)
 .debug_str     0x0000000000000576       0x77 file.o
                                        0x236 (size before relaxing)
 .debug_str     0x00000000000005ed       0xec fs.o
                                        0x4d9 (size before relaxing)
 .debug_str     0x00000000000006d9       0x80 ide.o
                                        0x3a0 (size before relaxing)
 .debug_str     0x0000000000000759       0x3a ioapic.o
                                        0x12c (size before relaxing)
 .debug_str     0x0000000000000793       0x48 kalloc.o
                                        0x158 (size before relaxing)
 .debug_str     0x00000000000007db       0x4e kbd.o
                                        0x137 (size before relaxing)
 .debug_str     0x0000000000000829       0x89 lapic.o
                                        0x187 (size before relaxing)
 .debug_str     0x00000000000008b2       0x85 log.o
                                        0x26d (size before relaxing)
 .debug_str     0x0000000000000937       0xbe main.o
                                        0x3c2 (size before relaxing)
 .debug_str     0x00000000000009f5       0xa8 mp.o
                                        0x38b (size before relaxing)
 .debug_str     0x0000000000000a9d       0xe5 picirq.o
 .debug_str     0x0000000000000a9d       0x2a pipe.o
                                        0x386 (size before relaxing)
 .debug_str     0x0000000000000ac7       0xdb proc.o
                                        0x488 (size before relaxing)
 .debug_str     0x0000000000000ba2      0x2ee sleeplock.o
 .debug_str     0x0000000000000ba2      0x2f3 spinlock.o
 .debug_str     0x0000000000000ba2       0x13 string.o
                                        0x126 (size before relaxing)
 .debug_str     0x0000000000000bb5        0x8 swtch.o
                                         0x40 (size before relaxing)
 .debug_str     0x0000000000000bbd      0x125 syscall.o
                                        0x300 (size before relaxing)
 .debug_str     0x0000000000000ce2       0x31 sysfile.o
                                        0x4aa (size before relaxing)
 .debug_str     0x0000000000000d13       0x18 sysproc.o
                                        0x2ac (size before relaxing)
 .debug_str     0x0000000000000d2b        0xa trapasm.o
                                         0x42 (size before relaxing)
 .debug_str     0x0000000000000d35       0x41 trap.o
                                        0x34e (size before relaxing)
 .debug_str     0x0000000000000d76        0xe uart.o
                                        0x139 (size before relaxing)
 .debug_str     0x0000000000000d84        0xa vectors.o
                                         0x42 (size before relaxing)
 .debug_str     0x0000000000000d8e       0x6e vm.o
                                        0x3ea (size before relaxing)

.debug_loclists
                0x0000000000000000     0x55b2
 .debug_loclists
                0x0000000000000000       0xe5 bio.o
 .debug_loclists
                0x00000000000000e5      0x7a2 console.o
 .debug_loclists
                0x0000000000000887      0x241 exec.o
 .debug_loclists
                0x0000000000000ac8      0x359 file.o
 .debug_loclists
                0x0000000000000e21      0xd1e fs.o
 .debug_loclists
                0x0000000000001b3f      0x2c4 ide.o
 .debug_loclists
                0x0000000000001e03       0xbf ioapic.o
 .debug_loclists
                0x0000000000001ec2      0x1a9 kalloc.o
 .debug_loclists
                0x000000000000206b       0x65 kbd.o
 .debug_loclists
                0x00000000000020d0      0x59e lapic.o
 .debug_loclists
                0x000000000000266e      0x163 log.o
 .debug_loclists
                0x00000000000027d1       0x66 main.o
 .debug_loclists
                0x0000000000002837      0x2f8 mp.o
 .debug_loclists
                0x0000000000002b2f       0x34 picirq.o
 .debug_loclists
                0x0000000000002b63      0x177 pipe.o
 .debug_loclists
                0x0000000000002cda      0x4eb proc.o
 .debug_loclists
                0x00000000000031c5       0x45 sleeplock.o
 .debug_loclists
                0x000000000000320a      0x172 spinlock.o
 .debug_loclists
                0x000000000000337c      0x444 string.o
 .debug_loclists
                0x00000000000037c0      0x1be syscall.o
 .debug_loclists
                0x000000000000397e      0x55a sysfile.o
 .debug_loclists
                0x0000000000003ed8       0x3c sysproc.o
 .debug_loclists
                0x0000000000003f14       0x4c trap.o
 .debug_loclists
                0x0000000000003f60      0x1cd uart.o
 .debug_loclists
                0x000000000000412d     0x1485 vm.o

.debug_rnglists
                0x0000000000000000      0x881
 .debug_rnglists
                0x0000000000000000       0x17 bio.o
 .debug_rnglists
                0x0000000000000017       0x94 console.o
 .debug_rnglists
                0x00000000000000ab       0x17 file.o
 .debug_rnglists
                0x00000000000000c2       0xb8 fs.o
 .debug_rnglists
                0x000000000000017a       0x69 ide.o
 .debug_rnglists
                0x00000000000001e3       0x4f ioapic.o
 .debug_rnglists
                0x0000000000000232       0x27 kalloc.o
 .debug_rnglists
                0x0000000000000259       0x16 kbd.o
 .debug_rnglists
                0x000000000000026f      0x21d lapic.o
 .debug_rnglists
                0x000000000000048c       0x40 log.o
 .debug_rnglists
                0x00000000000004cc       0x1a main.o
 .debug_rnglists
                0x00000000000004e6       0x37 mp.o
 .debug_rnglists
                0x000000000000051d       0x7a proc.o
 .debug_rnglists
                0x0000000000000597       0x53 spinlock.o
 .debug_rnglists
                0x00000000000005ea       0x13 string.o
 .debug_rnglists
                0x00000000000005fd       0x32 syscall.o
 .debug_rnglists
                0x000000000000062f       0x9d sysfile.o
 .debug_rnglists
                0x00000000000006cc       0x1c trap.o
 .debug_rnglists
                0x00000000000006e8       0x53 uart.o
 .debug_rnglists
                0x000000000000073b      0x146 vm.o

.debug_line_str
                0x0000000000000000      0x146
 .debug_line_str
                0x0000000000000000       0x5e bio.o
                                         0x96 (size before relaxing)
 .debug_line_str
                0x000000000000005e       0x24 console.o
                                         0xb6 (size before relaxing)
 .debug_line_str
                0x0000000000000082        0xd exec.o
                                         0x8f (size before relaxing)
 .debug_line_str
                0x000000000000008f        0xd file.o
                                         0x9a (size before relaxing)
 .debug_line_str
                0x000000000000008f        0xc fs.o
                                         0xb3 (size before relaxing)
 .debug_line_str
                0x000000000000009b        0x6 ide.o
                                         0xa9 (size before relaxing)
 .debug_line_str
                0x00000000000000a1        0x9 ioapic.o
                                         0x82 (size before relaxing)
 .debug_line_str
                0x00000000000000aa        0x9 kalloc.o
                                         0x8d (size before relaxing)
 .debug_line_str
                0x00000000000000b3        0xc kbd.o
                                         0x85 (size before relaxing)
 .debug_line_str
                0x00000000000000bf        0xf lapic.o
                                         0x8c (size before relaxing)
 .debug_line_str
                0x00000000000000ce        0x6 log.o
                                         0x9b (size before relaxing)
 .debug_line_str
                0x00000000000000d4        0x7 main.o
                                         0x8f (size before relaxing)
 .debug_line_str
                0x00000000000000db        0xa mp.o
                                         0x8e (size before relaxing)
 .debug_line_str
                0x00000000000000e5        0x9 picirq.o
                                         0x81 (size before relaxing)
 .debug_line_str
                0x00000000000000ee        0x7 pipe.o
                                         0xa7 (size before relaxing)
 .debug_line_str
                0x00000000000000f5        0x7 proc.o
                                         0x9a (size before relaxing)
 .debug_line_str
                0x00000000000000f5        0xc sleeplock.o
                                         0xb5 (size before relaxing)
 .debug_line_str
                0x0000000000000101        0xb spinlock.o
                                         0xa6 (size before relaxing)
 .debug_line_str
                0x000000000000010c        0x9 string.o
                                         0x81 (size before relaxing)
 .debug_line_str
                0x0000000000000115        0xa syscall.o
                                         0x92 (size before relaxing)
 .debug_line_str
                0x000000000000011f        0xa sysfile.o
                                         0xbc (size before relaxing)
 .debug_line_str
                0x0000000000000129        0xa sysproc.o
                                         0x92 (size before relaxing)
 .debug_line_str
                0x0000000000000133        0x7 trap.o
                                         0x9a (size before relaxing)
 .debug_line_str
                0x000000000000013a        0x7 uart.o
                                         0x82 (size before relaxing)
 .debug_line_str
                0x0000000000000141        0x5 vm.o
                                         0x89 (size before relaxing)

.comment        0x0000000000000000       0x12
 .comment       0x0000000000000000       0x12 bio.o
                                         0x13 (size before relaxing)
 .comment       0x0000000000000012       0x13 console.o
 .comment       0x0000000000000012       0x13 exec.o
 .comment       0x0000000000000012       0x13 file.o
 .comment       0x0000000000000012       0x13 fs.o
 .comment       0x0000000000000012       0x13 ide.o
 .comment       0x0000000000000012       0x13 ioapic.o
 .comment       0x0000000000000012       0x13 kalloc.o
 .comment       0x0000000000000012       0x13 kbd.o
 .comment       0x0000000000000012       0x13 lapic.o
 .comment       0x0000000000000012       0x13 log.o
 .comment       0x0000000000000012       0x13 main.o
 .comment       0x0000000000000012       0x13 mp.o
 .comment       0x0000000000000012       0x13 picirq.o
 .comment       0x0000000000000012       0x13 pipe.o
 .comment       0x0000000000000012       0x13 proc.o
 .comment       0x0000000000000012       0x13 sleeplock.o
 .comment       0x0000000000000012       0x13 spinlock.o
 .comment       0x0000000000000012       0x13 string.o
 .comment       0x0000000000000012       0x13 syscall.o
 .comment       0x0000000000000012       0x13 sysfile.o
 .comment       0x0000000000000012       0x13 sysproc.o
 .comment       0x0000000000000012       0x13 trap.o
 .comment       0x0000000000000012       0x13 uart.o
 .comment       0x0000000000000012       0x13 vm.o

.debug_frame    0x0000000000000000     0x1f2c
 .debug_frame   0x0000000000000000       0xc4 bio.o
 .debug_frame   0x00000000000000c4      0x18c console.o
 .debug_frame   0x0000000000000250       0x44 exec.o
 .debug_frame   0x0000000000000294      0x180 file.o
 .debug_frame   0x0000000000000414      0x41c fs.o
 .debug_frame   0x0000000000000830       0xc4 ide.o
 .debug_frame   0x00000000000008f4       0x5c ioapic.o
 .debug_frame   0x0000000000000950       0xdc kalloc.o
 .debug_frame   0x0000000000000a2c       0x74 kbd.o
 .debug_frame   0x0000000000000aa0       0xa4 lapic.o
 .debug_frame   0x0000000000000b44      0x110 log.o
 .debug_frame   0x0000000000000c54       0x70 main.o
 .debug_frame   0x0000000000000cc4       0x80 mp.o
 .debug_frame   0x0000000000000d44       0x24 picirq.o
 .debug_frame   0x0000000000000d68       0xf4 pipe.o
 .debug_frame   0x0000000000000e5c      0x324 proc.o
 .debug_frame   0x0000000000001180       0xb8 sleeplock.o
 .debug_frame   0x0000000000001238      0x138 spinlock.o
 .debug_frame   0x0000000000001370      0x168 string.o
 .debug_frame   0x00000000000014d8      0x11c syscall.o
 .debug_frame   0x00000000000015f4      0x2c8 sysfile.o
 .debug_frame   0x00000000000018bc      0x174 sysproc.o
 .debug_frame   0x0000000000001a30       0x94 trap.o
 .debug_frame   0x0000000000001ac4       0x98 uart.o
 .debug_frame   0x0000000000001b5c      0x3d0 vm.o
