
Allocating common symbols
Common symbol       size              file

stack               0x1000            entry.o

Memory Configuration

Name             Origin             Length             Attributes
*default*        0x0000000000000000 0xffffffffffffffff

Linker script and memory map

                0x0000000080100000                . = 0x80100000

.text           0x0000000080100000     0x71e8 load address 0x0000000000100000
 *(.text .stub .text.* .gnu.linkonce.t.*)
 .text          0x0000000080100000       0x34 entry.o
                0x0000000080100000                multiboot_header
                0x000000008010000c                entry
                0x000000010010000c                _start
 *fill*         0x0000000080100034        0xc 
 .text          0x0000000080100040      0x23e bio.o
                0x0000000080100040                binit
                0x00000000801000d0                bread
                0x00000000801001b0                bwrite
                0x00000000801001f0                brelse
 *fill*         0x000000008010027e        0x2 
 .text          0x0000000080100280      0x823 console.o
                0x0000000080100280                consoleread
                0x0000000080100380                panic
                0x0000000080100590                consolewrite
                0x00000000801006a0                cprintf
                0x0000000080100880                consoleintr
                0x0000000080100a60                consoleinit
 *fill*         0x0000000080100aa3        0xd 
 .text          0x0000000080100ab0      0x369 exec.o
                0x0000000080100ab0                exec
 *fill*         0x0000000080100e19        0x7 
 .text          0x0000000080100e20      0x3ab file.o
                0x0000000080100e20                fileinit
                0x0000000080100e40                filealloc
                0x0000000080100eb0                filedup
                0x0000000080100f00                fileclose
                0x0000000080100fe0                filestat
                0x0000000080101030                fileread
                0x00000000801010c0                filewrite
 *fill*         0x00000000801011cb        0x5 
 .text          0x00000000801011d0      0xf14 fs.o
                0x0000000080101530                readsb
                0x0000000080101570                iinit
                0x0000000080101620                ialloc
                0x00000000801016e0                iupdate
                0x0000000080101760                idup
                0x0000000080101790                ilock
                0x0000000080101870                iunlock
                0x00000000801018c0                iput
                0x0000000080101a20                iunlockput
                0x0000000080101a70                stati
                0x0000000080101aa0                readi
                0x0000000080101ba0                writei
                0x0000000080101cd0                namecmp
                0x0000000080101cf0                dirlookup
                0x0000000080101ff0                dirlink
                0x00000000801020b0                namei
                0x00000000801020d0                nameiparent
 *fill*         0x00000000801020e4        0xc 
 .text          0x00000000801020f0      0x2ee ide.o
                0x00000000801021d0                ideinit
                0x0000000080102250                ideintr
                0x00000000801022f0                iderw
 *fill*         0x00000000801023de        0x2 
 .text          0x00000000801023e0       0xe3 ioapic.o
                0x00000000801023e0                ioapicinit
                0x0000000080102490                ioapicenable
 *fill*         0x00000000801024c3        0xd 
 .text          0x00000000801024d0      0x22e kalloc.o
                0x00000000801024d0                kfree
                0x0000000080102570                freerange
                0x00000000801025c0                kinit2
                0x0000000080102620                kinit1
                0x0000000080102690                kalloc
 *fill*         0x00000000801026fe        0x2 
 .text          0x0000000080102700       0xf5 kbd.o
                0x0000000080102700                kbdgetc
                0x00000000801027e0                kbdintr
 *fill*         0x00000000801027f5        0xb 
 .text          0x0000000080102800      0x3ca lapic.o
                0x0000000080102800                lapicinit
                0x0000000080102900                lapicid
                0x0000000080102920                lapiceoi
                0x0000000080102940                microdelay
                0x0000000080102950                lapicstartap
                0x00000000801029e0                cmostime
 *fill*         0x0000000080102bca        0x6 
 .text          0x0000000080102bd0      0x438 log.o
                0x0000000080102cd0                initlog
                0x0000000080102d70                begin_op
                0x0000000080102de0                end_op
                0x0000000080102f50                log_write
 *fill*         0x0000000080103008        0x8 
 .text          0x0000000080103010       0x5a main.o
 *fill*         0x000000008010306a        0x6 
 .text.startup  0x0000000080103070      0x12c main.o
                0x0000000080103070                main
 *fill*         0x000000008010319c        0x4 
 .text          0x00000000801031a0      0x272 mp.o
                0x0000000080103220                mpinit
 *fill*         0x0000000080103412        0xe 
 .text          0x0000000080103420       0x12 picirq.o
                0x0000000080103420                picinit
 *fill*         0x0000000080103432        0xe 
 .text          0x0000000080103440      0x37b pipe.o
                0x0000000080103440                pipealloc
                0x0000000080103540                pipeclose
                0x00000000801035e0                pipewrite
                0x00000000801036e0                piperead
 *fill*         0x00000000801037bb        0x5 
 .text          0x00000000801037c0      0xb10 proc.o
                0x0000000080103890                forkret
                0x00000000801038e0                pinit
                0x0000000080103900                mycpu
                0x0000000080103960                cpuid
                0x0000000080103980                myproc
                0x00000000801039b0                userinit
                0x0000000080103ab0                growproc
                0x0000000080103b30                fork
                0x0000000080103c60                scheduler
                0x0000000080103d00                sched
                0x0000000080103dc0                exit
                0x0000000080103ef0                wait
                0x0000000080104020                yield
                0x0000000080104070                sleep
                0x0000000080104130                wakeup
                0x0000000080104190                kill
                0x0000000080104210                procdump
 .text          0x00000000801042d0      0x12d sleeplock.o
                0x00000000801042d0                initsleeplock
                0x0000000080104310                acquiresleep
                0x0000000080104370                releasesleep
                0x00000000801043b0                holdingsleep
 *fill*         0x00000000801043fd        0x3 
 .text          0x0000000080104400      0x28a spinlock.o
                0x0000000080104400                initlock
                0x0000000080104420                getcallerpcs
                0x0000000080104480                pushcli
                0x00000000801044d0                popcli
                0x0000000080104530                holding
                0x0000000080104570                release
                0x00000000801045d0                acquire
 *fill*         0x000000008010468a        0x6 
 .text          0x0000000080104690      0x21b string.o
                0x0000000080104690                memset
                0x00000000801046e0                memcmp
                0x0000000080104730                memmove
                0x0000000080104790                memcpy
                0x00000000801047a0                strncmp
                0x00000000801047f0                strncpy
                0x0000000080104850                safestrcpy
                0x0000000080104890                strlen
 .text          0x00000000801048ab       0x15 swtch.o
                0x00000000801048ab                swtch
 .text          0x00000000801048c0      0x244 syscall.o
                0x00000000801048c0                fetchint
                0x0000000080104900                fetchstr
                0x0000000080104960                argint
                0x00000000801049b0                argptr
                0x0000000080104a10                argstr
                0x0000000080104aa0                syscall
 *fill*         0x0000000080104b04        0xc 
 .text          0x0000000080104b10      0xbb9 sysfile.o
                0x0000000080104cb0                sys_dup
                0x0000000080104d30                sys_read
                0x0000000080104db0                sys_write
                0x0000000080104e30                sys_close
                0x0000000080104e90                sys_fstat
                0x0000000080104f00                sys_link
                0x0000000080105050                sys_unlink
                0x0000000080105230                sys_open
                0x0000000080105370                sys_mkdir
                0x00000000801053d0                sys_mknod
                0x0000000080105460                sys_chdir
                0x0000000080105510                sys_exec
                0x0000000080105600                sys_pipe
 *fill*         0x00000000801056c9        0x7 
 .text          0x00000000801056d0      0x1aa sysproc.o
                0x00000000801056d0                sys_fork
                0x00000000801056e0                sys_exit
                0x00000000801056f0                sys_wait
                0x0000000080105700                sys_kill
                0x0000000080105740                sys_getpid
                0x0000000080105750                sys_sbrk
                0x00000000801057a0                sys_sleep
                0x0000000080105850                sys_uptime
 .text          0x000000008010587a       0x23 trapasm.o
                0x000000008010587a                alltraps
                0x0000000080105892                trapret
 *fill*         0x000000008010589d        0x3 
 .text          0x00000000801058a0      0x33a trap.o
                0x00000000801058a0                tvinit
                0x0000000080105920                idtinit
                0x0000000080105950                trap
 *fill*         0x0000000080105bda        0x6 
 .text          0x0000000080105be0      0x1a5 uart.o
                0x0000000080105c10                uartinit
                0x0000000080105d10                uartputc
                0x0000000080105d70                uartintr
 .text          0x0000000080105d85      0xa72 vectors.o
                0x0000000080105d85                vector0
                0x0000000080105d8e                vector1
                0x0000000080105d97                vector2
                0x0000000080105da0                vector3
                0x0000000080105da9                vector4
                0x0000000080105db2                vector5
                0x0000000080105dbb                vector6
                0x0000000080105dc4                vector7
                0x0000000080105dcd                vector8
                0x0000000080105dd4                vector9
                0x0000000080105ddd                vector10
                0x0000000080105de4                vector11
                0x0000000080105deb                vector12
                0x0000000080105df2                vector13
                0x0000000080105df9                vector14
                0x0000000080105e00                vector15
                0x0000000080105e09                vector16
                0x0000000080105e12                vector17
                0x0000000080105e19                vector18
                0x0000000080105e22                vector19
                0x0000000080105e2b                vector20
                0x0000000080105e34                vector21
                0x0000000080105e3d                vector22
                0x0000000080105e46                vector23
                0x0000000080105e4f                vector24
                0x0000000080105e58                vector25
                0x0000000080105e61                vector26
                0x0000000080105e6a                vector27
                0x0000000080105e73                vector28
                0x0000000080105e7c                vector29
                0x0000000080105e85                vector30
                0x0000000080105e8e                vector31
                0x0000000080105e97                vector32
                0x0000000080105ea0                vector33
                0x0000000080105ea9                vector34
                0x0000000080105eb2                vector35
                0x0000000080105ebb                vector36
                0x0000000080105ec4                vector37
                0x0000000080105ecd                vector38
                0x0000000080105ed6                vector39
                0x0000000080105edf                vector40
                0x0000000080105ee8                vector41
                0x0000000080105ef1                vector42
                0x0000000080105efa                vector43
                0x0000000080105f03                vector44
                0x0000000080105f0c                vector45
                0x0000000080105f15                vector46
                0x0000000080105f1e                vector47
                0x0000000080105f27                vector48
                0x0000000080105f30                vector49
                0x0000000080105f39                vector50
                0x0000000080105f42                vector51
                0x0000000080105f4b                vector52
                0x0000000080105f54                vector53
                0x0000000080105f5d                vector54
                0x0000000080105f66                vector55
                0x0000000080105f6f                vector56
                0x0000000080105f78                vector57
                0x0000000080105f81                vector58
                0x0000000080105f8a                vector59
                0x0000000080105f93                vector60
                0x0000000080105f9c                vector61
                0x0000000080105fa5                vector62
                0x0000000080105fae                vector63
                0x0000000080105fb7                vector64
                0x0000000080105fc0                vector65
                0x0000000080105fc9                vector66
                0x0000000080105fd2                vector67
                0x0000000080105fdb                vector68
                0x0000000080105fe4                vector69
                0x0000000080105fed                vector70
                0x0000000080105ff6                vector71
                0x0000000080105fff                vector72
                0x0000000080106008                vector73
                0x0000000080106011                vector74
                0x000000008010601a                vector75
                0x0000000080106023                vector76
                0x000000008010602c                vector77
                0x0000000080106035                vector78
                0x000000008010603e                vector79
                0x0000000080106047                vector80
                0x0000000080106050                vector81
                0x0000000080106059                vector82
                0x0000000080106062                vector83
                0x000000008010606b                vector84
                0x0000000080106074                vector85
                0x000000008010607d                vector86
                0x0000000080106086                vector87
                0x000000008010608f                vector88
                0x0000000080106098                vector89
                0x00000000801060a1                vector90
                0x00000000801060aa                vector91
                0x00000000801060b3                vector92
                0x00000000801060bc                vector93
                0x00000000801060c5                vector94
                0x00000000801060ce                vector95
                0x00000000801060d7                vector96
                0x00000000801060e0                vector97
                0x00000000801060e9                vector98
                0x00000000801060f2                vector99
                0x00000000801060fb                vector100
                0x0000000080106104                vector101
                0x000000008010610d                vector102
                0x0000000080106116                vector103
                0x000000008010611f                vector104
                0x0000000080106128                vector105
                0x0000000080106131                vector106
                0x000000008010613a                vector107
                0x0000000080106143                vector108
                0x000000008010614c                vector109
                0x0000000080106155                vector110
                0x000000008010615e                vector111
                0x0000000080106167                vector112
                0x0000000080106170                vector113
                0x0000000080106179                vector114
                0x0000000080106182                vector115
                0x000000008010618b                vector116
                0x0000000080106194                vector117
                0x000000008010619d                vector118
                0x00000000801061a6                vector119
                0x00000000801061af                vector120
                0x00000000801061b8                vector121
                0x00000000801061c1                vector122
                0x00000000801061ca                vector123
                0x00000000801061d3                vector124
                0x00000000801061dc                vector125
                0x00000000801061e5                vector126
                0x00000000801061ee                vector127
                0x00000000801061f7                vector128
                0x0000000080106203                vector129
                0x000000008010620f                vector130
                0x000000008010621b                vector131
                0x0000000080106227                vector132
                0x0000000080106233                vector133
                0x000000008010623f                vector134
                0x000000008010624b                vector135
                0x0000000080106257                vector136
                0x0000000080106263                vector137
                0x000000008010626f                vector138
                0x000000008010627b                vector139
                0x0000000080106287                vector140
                0x0000000080106293                vector141
                0x000000008010629f                vector142
                0x00000000801062ab                vector143
                0x00000000801062b7                vector144
                0x00000000801062c3                vector145
                0x00000000801062cf                vector146
                0x00000000801062db                vector147
                0x00000000801062e7                vector148
                0x00000000801062f3                vector149
                0x00000000801062ff                vector150
                0x000000008010630b                vector151
                0x0000000080106317                vector152
                0x0000000080106323                vector153
                0x000000008010632f                vector154
                0x000000008010633b                vector155
                0x0000000080106347                vector156
                0x0000000080106353                vector157
                0x000000008010635f                vector158
                0x000000008010636b                vector159
                0x0000000080106377                vector160
                0x0000000080106383                vector161
                0x000000008010638f                vector162
                0x000000008010639b                vector163
                0x00000000801063a7                vector164
                0x00000000801063b3                vector165
                0x00000000801063bf                vector166
                0x00000000801063cb                vector167
                0x00000000801063d7                vector168
                0x00000000801063e3                vector169
                0x00000000801063ef                vector170
                0x00000000801063fb                vector171
                0x0000000080106407                vector172
                0x0000000080106413                vector173
                0x000000008010641f                vector174
                0x000000008010642b                vector175
                0x0000000080106437                vector176
                0x0000000080106443                vector177
                0x000000008010644f                vector178
                0x000000008010645b                vector179
                0x0000000080106467                vector180
                0x0000000080106473                vector181
                0x000000008010647f                vector182
                0x000000008010648b                vector183
                0x0000000080106497                vector184
                0x00000000801064a3                vector185
                0x00000000801064af                vector186
                0x00000000801064bb                vector187
                0x00000000801064c7                vector188
                0x00000000801064d3                vector189
                0x00000000801064df                vector190
                0x00000000801064eb                vector191
                0x00000000801064f7                vector192
                0x0000000080106503                vector193
                0x000000008010650f                vector194
                0x000000008010651b                vector195
                0x0000000080106527                vector196
                0x0000000080106533                vector197
                0x000000008010653f                vector198
                0x000000008010654b                vector199
                0x0000000080106557                vector200
                0x0000000080106563                vector201
                0x000000008010656f                vector202
                0x000000008010657b                vector203
                0x0000000080106587                vector204
                0x0000000080106593                vector205
                0x000000008010659f                vector206
                0x00000000801065ab                vector207
                0x00000000801065b7                vector208
                0x00000000801065c3                vector209
                0x00000000801065cf                vector210
                0x00000000801065db                vector211
                0x00000000801065e7                vector212
                0x00000000801065f3                vector213
                0x00000000801065ff                vector214
                0x000000008010660b                vector215
                0x0000000080106617                vector216
                0x0000000080106623                vector217
                0x000000008010662f                vector218
                0x000000008010663b                vector219
                0x0000000080106647                vector220
                0x0000000080106653                vector221
                0x000000008010665f                vector222
                0x000000008010666b                vector223
                0x0000000080106677                vector224
                0x0000000080106683                vector225
                0x000000008010668f                vector226
                0x000000008010669b                vector227
                0x00000000801066a7                vector228
                0x00000000801066b3                vector229
                0x00000000801066bf                vector230
                0x00000000801066cb                vector231
                0x00000000801066d7                vector232
                0x00000000801066e3                vector233
                0x00000000801066ef                vector234
                0x00000000801066fb                vector235
                0x0000000080106707                vector236
                0x0000000080106713                vector237
                0x000000008010671f                vector238
                0x000000008010672b                vector239
                0x0000000080106737                vector240
                0x0000000080106743                vector241
                0x000000008010674f                vector242
                0x000000008010675b                vector243
                0x0000000080106767                vector244
                0x0000000080106773                vector245
                0x000000008010677f                vector246
                0x000000008010678b                vector247
                0x0000000080106797                vector248
                0x00000000801067a3                vector249
                0x00000000801067af                vector250
                0x00000000801067bb                vector251
                0x00000000801067c7                vector252
                0x00000000801067d3                vector253
                0x00000000801067df                vector254
                0x00000000801067eb                vector255
 *fill*         0x00000000801067f7        0x9 
 .text          0x0000000080106800      0x9da vm.o
                0x00000000801069a0                seginit
                0x0000000080106a30                switchkvm
                0x0000000080106a40                switchuvm
                0x0000000080106b50                inituvm
                0x0000000080106bd0                loaduvm
                0x0000000080106cc0                allocuvm
                0x0000000080106df0                deallocuvm
                0x0000000080106e20                freevm
                0x0000000080106ea0                setupkvm
                0x0000000080106f20                kvmalloc
                0x0000000080106f40                clearpteu
                0x0000000080106f90                copyuvm
                0x00000000801070c0                uva2ka
                0x0000000080107110                copyout
 .text.unlikely
                0x00000000801071da        0xe vm.o
                [!provide]                        PROVIDE (etext = .)

.iplt           0x00000000801071e8        0x0 load address 0x00000000001071e8
 .iplt          0x00000000801071e8        0x0 entry.o

.rodata         0x0000000080107200      0x9cb load address 0x0000000000107200
 *(.rodata .rodata.* .gnu.linkonce.r.*)
 .rodata.str1.1
                0x0000000080107200       0x2d bio.o
 .rodata.str1.1
                0x000000008010722d       0x43 console.o
                                         0x45 (size before relaxing)
 .rodata        0x0000000080107270       0x11 console.o
 .rodata.str1.1
                0x0000000080107281        0xc exec.o
 .rodata.str1.1
                0x000000008010728d       0x32 file.o
                                         0x3c (size before relaxing)
 .rodata.str1.1
                0x00000000801072bf       0xb6 fs.o
                                         0xbe (size before relaxing)
 *fill*         0x0000000080107375        0x3 
 .rodata.str1.4
                0x0000000080107378       0x53 fs.o
 .rodata.str1.1
                0x00000000801073cb       0x68 ide.o
 *fill*         0x0000000080107433        0x1 
 .rodata.str1.4
                0x0000000080107434       0x32 ioapic.o
 .rodata.str1.1
                0x0000000080107466        0xb kalloc.o
 *fill*         0x0000000080107471        0xf 
 .rodata        0x0000000080107480      0x220 kbd.o
 .rodata.str1.1
                0x00000000801076a0       0x44 log.o
 .rodata.str1.1
                0x00000000801076e4       0x14 main.o
 .rodata.str1.1
                0x00000000801076f8       0x22 mp.o
 *fill*         0x000000008010771a        0x2 
 .rodata.str1.4
                0x000000008010771c       0x1f mp.o
 .rodata.str1.1
                0x000000008010773b        0x5 pipe.o
 .rodata.str1.1
                0x0000000080107740       0xe2 proc.o
                                         0xe8 (size before relaxing)
 *fill*         0x0000000080107822        0x2 
 .rodata.str1.4
                0x0000000080107824       0x26 proc.o
 *fill*         0x000000008010784a        0x2 
 .rodata        0x000000008010784c       0x18 proc.o
 .rodata.str1.1
                0x0000000080107864        0xb sleeplock.o
 .rodata.str1.1
                0x000000008010786f       0x2e spinlock.o
 .rodata.str1.1
                0x000000008010789d       0x1c syscall.o
 *fill*         0x00000000801078b9        0x7 
 .rodata        0x00000000801078c0       0x58 syscall.o
 .rodata.str1.1
                0x0000000080107918       0x61 sysfile.o
                                         0x63 (size before relaxing)
 .rodata.str1.1
                0x0000000080107979        0xa trap.o
 *fill*         0x0000000080107983        0x1 
 .rodata.str1.4
                0x0000000080107984       0x9b trap.o
 *fill*         0x0000000080107a1f        0x1 
 .rodata        0x0000000080107a20       0x80 trap.o
 .rodata.str1.1
                0x0000000080107aa0        0x8 uart.o
 .rodata.str1.1
                0x0000000080107aa8      0x100 vm.o
                                        0x106 (size before relaxing)
 .rodata.str1.4
                0x0000000080107ba8       0x23 vm.o

.rel.dyn        0x0000000080107bcc        0x0 load address 0x0000000000107bcc
 .rel.got       0x0000000080107bcc        0x0 entry.o
 .rel.iplt      0x0000000080107bcc        0x0 entry.o
 .rel.text      0x0000000080107bcc        0x0 entry.o
 .rel.text.startup
                0x0000000080107bcc        0x0 entry.o
 .rel.data      0x0000000080107bcc        0x0 entry.o

.stab           0x0000000080107bcb        0x0
                [!provide]                        PROVIDE (__STAB_BEGIN__ = .)
 *(.stab)
                [!provide]                        PROVIDE (__STAB_END__ = .)

.stabstr        0x0000000080107bcb        0x0
                [!provide]                        PROVIDE (__STABSTR_BEGIN__ = .)
 *(.stabstr)
                [!provide]                        PROVIDE (__STABSTR_END__ = .)
                0x0000000080108000                . = ALIGN (0x1000)
                0x0000000080108000                PROVIDE (data = .)

.data           0x0000000080108000     0x251a load address 0x0000000000108000
 *(.data)
 .data          0x0000000080108000        0x0 entry.o
 .data          0x0000000080108000        0x0 bio.o
 .data          0x0000000080108000        0x0 console.o
 .data          0x0000000080108000        0x0 exec.o
 .data          0x0000000080108000        0x0 file.o
 .data          0x0000000080108000        0x0 fs.o
 .data          0x0000000080108000        0x0 ide.o
 .data          0x0000000080108000        0x0 ioapic.o
 .data          0x0000000080108000        0x0 kalloc.o
 .data          0x0000000080108000      0x300 kbd.o
 .data          0x0000000080108300        0x0 lapic.o
 .data          0x0000000080108300        0x0 log.o
 *fill*         0x0000000080108300      0xd00 
 .data          0x0000000080109000     0x1000 main.o
                0x0000000080109000                entrypgdir
 .data          0x000000008010a000        0x0 mp.o
 .data          0x000000008010a000        0x0 picirq.o
 .data          0x000000008010a000        0x0 pipe.o
 .data          0x000000008010a000        0x8 proc.o
                0x000000008010a004                nextpid
 .data          0x000000008010a008        0x0 sleeplock.o
 .data          0x000000008010a008        0x0 spinlock.o
 .data          0x000000008010a008        0x0 string.o
 .data          0x000000008010a008        0x0 swtch.o
 .data          0x000000008010a008        0x0 syscall.o
 .data          0x000000008010a008        0x0 sysfile.o
 .data          0x000000008010a008        0x0 sysproc.o
 .data          0x000000008010a008        0x0 trapasm.o
 .data          0x000000008010a008        0x0 trap.o
 .data          0x000000008010a008        0x0 uart.o
 .data          0x000000008010a008      0x400 vectors.o
                0x000000008010a008                vectors
 *fill*         0x000000008010a408       0x18 
 .data          0x000000008010a420       0x40 vm.o
 .data          0x000000008010a460       0x30 initcode
                0x000000008010a460                _binary_initcode_start
                0x000000008010a490                _binary_initcode_end
 .data          0x000000008010a490       0x8a entryother
                0x000000008010a490                _binary_entryother_start
                0x000000008010a51a                _binary_entryother_end
                [!provide]                        PROVIDE (edata = .)

.got            0x000000008010a51c        0x0 load address 0x000000000010a51c
 .got           0x000000008010a51c        0x0 entry.o

.got.plt        0x000000008010a51c        0x0 load address 0x000000000010a51c
 .got.plt       0x000000008010a51c        0x0 entry.o

.igot.plt       0x000000008010a51c        0x0 load address 0x000000000010a51c
 .igot.plt      0x000000008010a51c        0x0 entry.o

.bss            0x000000008010a520     0xb0b0 load address 0x000000000010a520
 *(.bss)
 .bss           0x000000008010a520        0x0 entry.o
 .bss           0x000000008010a520     0x4958 bio.o
                0x000000008010a520                bcache
 *fill*         0x000000008010ee78        0x8 
 .bss           0x000000008010ee80       0xdc console.o
                0x000000008010ee80                input
 .bss           0x000000008010ef5c        0x0 exec.o
 *fill*         0x000000008010ef5c        0x4 
 .bss           0x000000008010ef60      0x9f0 file.o
                0x000000008010ef60                ftable
                0x000000008010f900                devsw
 *fill*         0x000000008010f950       0x10 
 .bss           0x000000008010f960     0x1c70 fs.o
                0x000000008010f960                icache
                0x00000000801115b4                sb
 *fill*         0x00000000801115d0       0x10 
 .bss           0x00000000801115e0       0x54 ide.o
 .bss           0x0000000080111634        0x4 ioapic.o
                0x0000000080111634                ioapic
 *fill*         0x0000000080111638        0x8 
 .bss           0x0000000080111640       0x3c kalloc.o
                0x0000000080111640                kmem
 .bss           0x000000008011167c        0x4 kbd.o
 .bss           0x0000000080111680        0x4 lapic.o
                0x0000000080111680                lapic
 *fill*         0x0000000080111684       0x1c 
 .bss           0x00000000801116a0       0xc4 log.o
                0x00000000801116a0                log
 .bss           0x0000000080111764        0x0 main.o
 *fill*         0x0000000080111764       0x1c 
 .bss           0x0000000080111780      0x5a0 mp.o
                0x0000000080111780                ioapicid
                0x0000000080111784                ncpu
                0x00000000801117a0                cpus
 .bss           0x0000000080111d20        0x0 picirq.o
 .bss           0x0000000080111d20        0x0 pipe.o
 .bss           0x0000000080111d20     0x2038 proc.o
                0x0000000080111d20                ptable
 .bss           0x0000000080113d58        0x0 sleeplock.o
 .bss           0x0000000080113d58        0x0 spinlock.o
 .bss           0x0000000080113d58        0x0 string.o
 .bss           0x0000000080113d58        0x0 swtch.o
 .bss           0x0000000080113d58        0x0 syscall.o
 .bss           0x0000000080113d58        0x0 sysfile.o
 .bss           0x0000000080113d58        0x0 sysproc.o
 .bss           0x0000000080113d58        0x0 trapasm.o
 *fill*         0x0000000080113d58        0x8 
 .bss           0x0000000080113d60      0x860 trap.o
                0x0000000080113d60                ticks
                0x0000000080113d80                tickslock
                0x0000000080113dc0                idt
 .bss           0x00000000801145c0        0x4 uart.o
 .bss           0x00000000801145c4        0x0 vectors.o
 .bss           0x00000000801145c4        0x4 vm.o
                0x00000000801145c4                kpgdir
 *fill*         0x00000000801145c8        0x8 
 COMMON         0x00000000801145d0     0x1000 entry.o
                0x00000000801145d0                stack
                0x00000000801155d0                PROVIDE (end = .)

/DISCARD/
 *(.eh_frame .note.GNU-stack)
LOAD entry.o
LOAD bio.o
LOAD console.o
LOAD exec.o
LOAD file.o
LOAD fs.o
LOAD ide.o
LOAD ioapic.o
LOAD kalloc.o
LOAD kbd.o
LOAD lapic.o
LOAD log.o
LOAD main.o
LOAD mp.o
LOAD picirq.o
LOAD pipe.o
LOAD proc.o
LOAD sleeplock.o
LOAD spinlock.o
LOAD string.o
LOAD swtch.o
LOAD syscall.o
LOAD sysfile.o
LOAD sysproc.o
LOAD trapasm.o
LOAD trap.o
LOAD uart.o
LOAD vectors.o
LOAD vm.o
TARGET(binary)
LOAD initcode
LOAD entryother
OUTPUT(kernel elf32-i386)

.debug_line     0x0000000000000000     0x6ac1
 .debug_line    0x0000000000000000       0x41 entry.o
 .debug_line    0x0000000000000041      0x24a bio.o
 .debug_line    0x000000000000028b      0x879 console.o
 .debug_line    0x0000000000000b04      0x2c9 exec.o
 .debug_line    0x0000000000000dcd      0x2bb file.o
 .debug_line    0x0000000000001088      0xc7b fs.o
 .debug_line    0x0000000000001d03      0x3ed ide.o
 .debug_line    0x00000000000020f0      0x1de ioapic.o
 .debug_line    0x00000000000022ce      0x21c kalloc.o
 .debug_line    0x00000000000024ea      0x18f kbd.o
 .debug_line    0x0000000000002679      0x7cb lapic.o
 .debug_line    0x0000000000002e44      0x3bf log.o
 .debug_line    0x0000000000003203      0x143 main.o
 .debug_line    0x0000000000003346      0x2fc mp.o
 .debug_line    0x0000000000003642       0x75 picirq.o
 .debug_line    0x00000000000036b7      0x336 pipe.o
 .debug_line    0x00000000000039ed      0xa56 proc.o
 .debug_line    0x0000000000004443      0x139 sleeplock.o
 .debug_line    0x000000000000457c      0x39c spinlock.o
 .debug_line    0x0000000000004918      0x297 string.o
 .debug_line    0x0000000000004baf       0x43 swtch.o
 .debug_line    0x0000000000004bf2      0x2e5 syscall.o
 .debug_line    0x0000000000004ed7      0x8ed sysfile.o
 .debug_line    0x00000000000057c4      0x17b sysproc.o
 .debug_line    0x000000000000593f       0x48 trapasm.o
 .debug_line    0x0000000000005987      0x2a0 trap.o
 .debug_line    0x0000000000005c27      0x271 uart.o
 .debug_line    0x0000000000005e98      0x32f vectors.o
 .debug_line    0x00000000000061c7      0x8fa vm.o

.debug_info     0x0000000000000000    0x10ec0
 .debug_info    0x0000000000000000       0x26 entry.o
 .debug_info    0x0000000000000026      0x457 bio.o
 .debug_info    0x000000000000047d     0x137d console.o
 .debug_info    0x00000000000017fa      0x876 exec.o
 .debug_info    0x0000000000002070      0x751 file.o
 .debug_info    0x00000000000027c1     0x1cea fs.o
 .debug_info    0x00000000000044ab      0xe80 ide.o
 .debug_info    0x000000000000532b      0x298 ioapic.o
 .debug_info    0x00000000000055c3      0x3a1 kalloc.o
 .debug_info    0x0000000000005964      0x21c kbd.o
 .debug_info    0x0000000000005b80      0xe65 lapic.o
 .debug_info    0x00000000000069e5      0x762 log.o
 .debug_info    0x0000000000007147      0xa36 main.o
 .debug_info    0x0000000000007b7d      0xd9a mp.o
 .debug_info    0x0000000000008917       0xe9 picirq.o
 .debug_info    0x0000000000008a00      0xa31 pipe.o
 .debug_info    0x0000000000009431     0x1554 proc.o
 .debug_info    0x000000000000a985      0x898 sleeplock.o
 .debug_info    0x000000000000b21d      0xb37 spinlock.o
 .debug_info    0x000000000000bd54      0x41f string.o
 .debug_info    0x000000000000c173       0x26 swtch.o
 .debug_info    0x000000000000c199      0x801 syscall.o
 .debug_info    0x000000000000c99a     0x17c6 sysfile.o
 .debug_info    0x000000000000e160      0x5cf sysproc.o
 .debug_info    0x000000000000e72f       0x26 trapasm.o
 .debug_info    0x000000000000e755      0xb19 trap.o
 .debug_info    0x000000000000f26e      0x550 uart.o
 .debug_info    0x000000000000f7be       0x26 vectors.o
 .debug_info    0x000000000000f7e4     0x16dc vm.o

.debug_abbrev   0x0000000000000000     0x44d3
 .debug_abbrev  0x0000000000000000       0x14 entry.o
 .debug_abbrev  0x0000000000000014      0x25f bio.o
 .debug_abbrev  0x0000000000000273      0x4de console.o
 .debug_abbrev  0x0000000000000751      0x1e6 exec.o
 .debug_abbrev  0x0000000000000937      0x250 file.o
 .debug_abbrev  0x0000000000000b87      0x5e9 fs.o
 .debug_abbrev  0x0000000000001170      0x310 ide.o
 .debug_abbrev  0x0000000000001480      0x1cf ioapic.o
 .debug_abbrev  0x000000000000164f      0x269 kalloc.o
 .debug_abbrev  0x00000000000018b8      0x174 kbd.o
 .debug_abbrev  0x0000000000001a2c      0x292 lapic.o
 .debug_abbrev  0x0000000000001cbe      0x294 log.o
 .debug_abbrev  0x0000000000001f52      0x2b3 main.o
 .debug_abbrev  0x0000000000002205      0x2c1 mp.o
 .debug_abbrev  0x00000000000024c6       0xa7 picirq.o
 .debug_abbrev  0x000000000000256d      0x237 pipe.o
 .debug_abbrev  0x00000000000027a4      0x4cf proc.o
 .debug_abbrev  0x0000000000002c73      0x1ea sleeplock.o
 .debug_abbrev  0x0000000000002e5d      0x2e4 spinlock.o
 .debug_abbrev  0x0000000000003141      0x145 string.o
 .debug_abbrev  0x0000000000003286       0x14 swtch.o
 .debug_abbrev  0x000000000000329a      0x2af syscall.o
 .debug_abbrev  0x0000000000003549      0x3a4 sysfile.o
 .debug_abbrev  0x00000000000038ed      0x1bf sysproc.o
 .debug_abbrev  0x0000000000003aac       0x14 trapasm.o
 .debug_abbrev  0x0000000000003ac0      0x2b1 trap.o
 .debug_abbrev  0x0000000000003d71      0x1e9 uart.o
 .debug_abbrev  0x0000000000003f5a       0x14 vectors.o
 .debug_abbrev  0x0000000000003f6e      0x565 vm.o

.debug_aranges  0x0000000000000000      0x3b0
 .debug_aranges
                0x0000000000000000       0x20 entry.o
 .debug_aranges
                0x0000000000000020       0x20 bio.o
 .debug_aranges
                0x0000000000000040       0x20 console.o
 .debug_aranges
                0x0000000000000060       0x20 exec.o
 .debug_aranges
                0x0000000000000080       0x20 file.o
 .debug_aranges
                0x00000000000000a0       0x20 fs.o
 .debug_aranges
                0x00000000000000c0       0x20 ide.o
 .debug_aranges
                0x00000000000000e0       0x20 ioapic.o
 .debug_aranges
                0x0000000000000100       0x20 kalloc.o
 .debug_aranges
                0x0000000000000120       0x20 kbd.o
 .debug_aranges
                0x0000000000000140       0x20 lapic.o
 .debug_aranges
                0x0000000000000160       0x20 log.o
 .debug_aranges
                0x0000000000000180       0x28 main.o
 .debug_aranges
                0x00000000000001a8       0x20 mp.o
 .debug_aranges
                0x00000000000001c8       0x20 picirq.o
 .debug_aranges
                0x00000000000001e8       0x20 pipe.o
 .debug_aranges
                0x0000000000000208       0x20 proc.o
 .debug_aranges
                0x0000000000000228       0x20 sleeplock.o
 .debug_aranges
                0x0000000000000248       0x20 spinlock.o
 .debug_aranges
                0x0000000000000268       0x20 string.o
 .debug_aranges
                0x0000000000000288       0x20 swtch.o
 .debug_aranges
                0x00000000000002a8       0x20 syscall.o
 .debug_aranges
                0x00000000000002c8       0x20 sysfile.o
 .debug_aranges
                0x00000000000002e8       0x20 sysproc.o
 .debug_aranges
                0x0000000000000308       0x20 trapasm.o
 .debug_aranges
                0x0000000000000328       0x20 trap.o
 .debug_aranges
                0x0000000000000348       0x20 uart.o
 .debug_aranges
                0x0000000000000368       0x20 vectors.o
 .debug_aranges
                0x0000000000000388       0x28 vm.o

.debug_str      0x0000000000000000      0xdd8
 .debug_str     0x0000000000000000       0x40 entry.o
 .debug_str     0x0000000000000040      0x17d bio.o
                                        0x1ae (size before relaxing)
 .debug_str     0x00000000000001bd      0x29f console.o
                                        0x433 (size before relaxing)
 .debug_str     0x000000000000045c      0x11a exec.o
                                        0x30d (size before relaxing)
 .debug_str     0x0000000000000576       0x77 file.o
                                        0x236 (size before relaxing)
 .debug_str     0x00000000000005ed       0xec fs.o
                                        0x4d9 (size before relaxing)
 .debug_str     0x00000000000006d9       0x80 ide.o
                                        0x3a0 (size before relaxing)
 .debug_str     0x0000000000000759       0x3a ioapic.o
                                        0x12c (size before relaxing)
 .debug_str     0x0000000000000793       0x48 kalloc.o
                                        0x158 (size before relaxing)
 .debug_str     0x00000000000007db       0x4e kbd.o
                                        0x137 (size before relaxing)
 .debug_str     0x0000000000000829       0x89 lapic.o
                                        0x187 (size before relaxing)
 .debug_str     0x00000000000008b2       0x85 log.o
                                        0x26d (size before relaxing)
 .debug_str     0x0000000000000937       0xbe main.o
                                        0x3c2 (size before relaxing)
 .debug_str     0x00000000000009f5       0xa8 mp.o
                                        0x38b (size before relaxing)
 .debug_str     0x0000000000000a9d       0xe5 picirq.o
 .debug_str     0x0000000000000a9d       0x2a pipe.o
                                        0x386 (size before relaxing)
 .debug_str     0x0000000000000ac7       0xdb proc.o
                                        0x488 (size before relaxing)
 .debug_str     0x0000000000000ba2      0x2ee sleeplock.o
 .debug_str     0x0000000000000ba2      0x2f3 spinlock.o
 .debug_str     0x0000000000000ba2       0x13 string.o
                                        0x126 (size before relaxing)
 .debug_str     0x0000000000000bb5        0x8 swtch.o
                                         0x40 (size before relaxing)
 .debug_str     0x0000000000000bbd      0x101 syscall.o
                                        0x2dc (size before relaxing)
 .debug_str     0x0000000000000cbe       0x31 sysfile.o
                                        0x4aa (size before relaxing)
 .debug_str     0x0000000000000cef       0x18 sysproc.o
                                        0x274 (size before relaxing)
 .debug_str     0x0000000000000d07        0xa trapasm.o
                                         0x42 (size before relaxing)
 .debug_str     0x0000000000000d11       0x41 trap.o
                                        0x34e (size before relaxing)
 .debug_str     0x0000000000000d52        0xe uart.o
                                        0x139 (size before relaxing)
 .debug_str     0x0000000000000d60        0xa vectors.o
                                         0x42 (size before relaxing)
 .debug_str     0x0000000000000d6a       0x6e vm.o
                                        0x3cf (size before relaxing)

.debug_loclists
                0x0000000000000000     0x5162
 .debug_loclists
                0x0000000000000000       0xe5 bio.o
 .debug_loclists
                0x00000000000000e5      0x7a2 console.o
 .debug_loclists
                0x0000000000000887      0x241 exec.o
 .debug_loclists
                0x0000000000000ac8      0x359 file.o
 .debug_loclists
                0x0000000000000e21      0xd1e fs.o
 .debug_loclists
                0x0000000000001b3f      0x2c4 ide.o
 .debug_loclists
                0x0000000000001e03       0xbf ioapic.o
 .debug_loclists
                0x0000000000001ec2      0x1a9 kalloc.o
 .debug_loclists
                0x000000000000206b       0x65 kbd.o
 .debug_loclists
                0x00000000000020d0      0x59e lapic.o
 .debug_loclists
                0x000000000000266e      0x163 log.o
 .debug_loclists
                0x00000000000027d1       0x66 main.o
 .debug_loclists
                0x0000000000002837      0x2f8 mp.o
 .debug_loclists
                0x0000000000002b2f       0x34 picirq.o
 .debug_loclists
                0x0000000000002b63      0x177 pipe.o
 .debug_loclists
                0x0000000000002cda      0x492 proc.o
 .debug_loclists
                0x000000000000316c       0x45 sleeplock.o
 .debug_loclists
                0x00000000000031b1      0x172 spinlock.o
 .debug_loclists
                0x0000000000003323      0x444 string.o
 .debug_loclists
                0x0000000000003767      0x1be syscall.o
 .debug_loclists
                0x0000000000003925      0x55a sysfile.o
 .debug_loclists
                0x0000000000003e7f       0x3c sysproc.o
 .debug_loclists
                0x0000000000003ebb       0x4c trap.o
 .debug_loclists
                0x0000000000003f07      0x1cd uart.o
 .debug_loclists
                0x00000000000040d4     0x108e vm.o

.debug_rnglists
                0x0000000000000000      0x82a
 .debug_rnglists
                0x0000000000000000       0x17 bio.o
 .debug_rnglists
                0x0000000000000017       0x94 console.o
 .debug_rnglists
                0x00000000000000ab       0x17 file.o
 .debug_rnglists
                0x00000000000000c2       0xb8 fs.o
 .debug_rnglists
                0x000000000000017a       0x69 ide.o
 .debug_rnglists
                0x00000000000001e3       0x4f ioapic.o
 .debug_rnglists
                0x0000000000000232       0x27 kalloc.o
 .debug_rnglists
                0x0000000000000259       0x16 kbd.o
 .debug_rnglists
                0x000000000000026f      0x21d lapic.o
 .debug_rnglists
                0x000000000000048c       0x40 log.o
 .debug_rnglists
                0x00000000000004cc       0x1a main.o
 .debug_rnglists
                0x00000000000004e6       0x37 mp.o
 .debug_rnglists
                0x000000000000051d       0x6f proc.o
 .debug_rnglists
                0x000000000000058c       0x53 spinlock.o
 .debug_rnglists
                0x00000000000005df       0x13 string.o
 .debug_rnglists
                0x00000000000005f2       0x32 syscall.o
 .debug_rnglists
                0x0000000000000624       0x9d sysfile.o
 .debug_rnglists
                0x00000000000006c1       0x1c trap.o
 .debug_rnglists
                0x00000000000006dd       0x53 uart.o
 .debug_rnglists
                0x0000000000000730       0xfa vm.o

.debug_line_str
                0x0000000000000000      0x146
 .debug_line_str
                0x0000000000000000       0x5e bio.o
                                         0x96 (size before relaxing)
 .debug_line_str
                0x000000000000005e       0x24 console.o
                                         0xb6 (size before relaxing)
 .debug_line_str
                0x0000000000000082        0xd exec.o
                                         0x8f (size before relaxing)
 .debug_line_str
                0x000000000000008f        0xd file.o
                                         0x9a (size before relaxing)
 .debug_line_str
                0x000000000000008f        0xc fs.o
                                         0xb3 (size before relaxing)
 .debug_line_str
                0x000000000000009b        0x6 ide.o
                                         0xa9 (size before relaxing)
 .debug_line_str
                0x00000000000000a1        0x9 ioapic.o
                                         0x82 (size before relaxing)
 .debug_line_str
                0x00000000000000aa        0x9 kalloc.o
                                         0x8d (size before relaxing)
 .debug_line_str
                0x00000000000000b3        0xc kbd.o
                                         0x85 (size before relaxing)
 .debug_line_str
                0x00000000000000bf        0xf lapic.o
                                         0x8c (size before relaxing)
 .debug_line_str
                0x00000000000000ce        0x6 log.o
                                         0x9b (size before relaxing)
 .debug_line_str
                0x00000000000000d4        0x7 main.o
                                         0x8f (size before relaxing)
 .debug_line_str
                0x00000000000000db        0xa mp.o
                                         0x8e (size before relaxing)
 .debug_line_str
                0x00000000000000e5        0x9 picirq.o
                                         0x81 (size before relaxing)
 .debug_line_str
                0x00000000000000ee        0x7 pipe.o
                                         0xa7 (size before relaxing)
 .debug_line_str
                0x00000000000000f5        0x7 proc.o
                                         0x9a (size before relaxing)
 .debug_line_str
                0x00000000000000f5        0xc sleeplock.o
                                         0xb5 (size before relaxing)
 .debug_line_str
                0x0000000000000101        0xb spinlock.o
                                         0xa6 (size before relaxing)
 .debug_line_str
                0x000000000000010c        0x9 string.o
                                         0x81 (size before relaxing)
 .debug_line_str
                0x0000000000000115        0xa syscall.o
                                         0x92 (size before relaxing)
 .debug_line_str
                0x000000000000011f        0xa sysfile.o
                                         0xbc (size before relaxing)
 .debug_line_str
                0x0000000000000129        0xa sysproc.o
                                         0x92 (size before relaxing)
 .debug_line_str
                0x0000000000000133        0x7 trap.o
                                         0x9a (size before relaxing)
 .debug_line_str
                0x000000000000013a        0x7 uart.o
                                         0x82 (size before relaxing)
 .debug_line_str
                0x0000000000000141        0x5 vm.o
                                         0x89 (size before relaxing)

.comment        0x0000000000000000       0x12
 .comment       0x0000000000000000       0x12 bio.o
                                         0x13 (size before relaxing)
 .comment       0x0000000000000012       0x13 console.o
 .comment       0x0000000000000012       0x13 exec.o
 .comment       0x0000000000000012       0x13 file.o
 .comment       0x0000000000000012       0x13 fs.o
 .comment       0x0000000000000012       0x13 ide.o
 .comment       0x0000000000000012       0x13 ioapic.o
 .comment       0x0000000000000012       0x13 kalloc.o
 .comment       0x0000000000000012       0x13 kbd.o
 .comment       0x0000000000000012       0x13 lapic.o
 .comment       0x0000000000000012       0x13 log.o
 .comment       0x0000000000000012       0x13 main.o
 .comment       0x0000000000000012       0x13 mp.o
 .comment       0x0000000000000012       0x13 picirq.o
 .comment       0x0000000000000012       0x13 pipe.o
 .comment       0x0000000000000012       0x13 proc.o
 .comment       0x0000000000000012       0x13 sleeplock.o
 .comment       0x0000000000000012       0x13 spinlock.o
 .comment       0x0000000000000012       0x13 string.o
 .comment       0x0000000000000012       0x13 syscall.o
 .comment       0x0000000000000012       0x13 sysfile.o
 .comment       0x0000000000000012       0x13 sysproc.o
 .comment       0x0000000000000012       0x13 trap.o
 .comment       0x0000000000000012       0x13 uart.o
 .comment       0x0000000000000012       0x13 vm.o

.debug_frame    0x0000000000000000     0x1e0c
 .debug_frame   0x0000000000000000       0xc4 bio.o
 .debug_frame   0x00000000000000c4      0x18c console.o
 .debug_frame   0x0000000000000250       0x44 exec.o
 .debug_frame   0x0000000000000294      0x180 file.o
 .debug_frame   0x0000000000000414      0x41c fs.o
 .debug_frame   0x0000000000000830       0xc4 ide.o
 .debug_frame   0x00000000000008f4       0x5c ioapic.o
 .debug_frame   0x0000000000000950       0xdc kalloc.o
 .debug_frame   0x0000000000000a2c       0x74 kbd.o
 .debug_frame   0x0000000000000aa0       0xa4 lapic.o
 .debug_frame   0x0000000000000b44      0x110 log.o
 .debug_frame   0x0000000000000c54       0x70 main.o
 .debug_frame   0x0000000000000cc4       0x80 mp.o
 .debug_frame   0x0000000000000d44       0x24 picirq.o
 .debug_frame   0x0000000000000d68       0xf4 pipe.o
 .debug_frame   0x0000000000000e5c      0x2f8 proc.o
 .debug_frame   0x0000000000001154       0xb8 sleeplock.o
 .debug_frame   0x000000000000120c      0x138 spinlock.o
 .debug_frame   0x0000000000001344      0x168 string.o
 .debug_frame   0x00000000000014ac      0x11c syscall.o
 .debug_frame   0x00000000000015c8      0x2c8 sysfile.o
 .debug_frame   0x0000000000001890      0x114 sysproc.o
 .debug_frame   0x00000000000019a4       0x94 trap.o
 .debug_frame   0x0000000000001a38       0x98 uart.o
 .debug_frame   0x0000000000001ad0      0x33c vm.o
